
. 
. // Compare coverage by 3 methods
. 
. // (i) b, se, df 
. use data/simcheck, clear
(Simulation results from simcheck99.do in paper doi:10.1093/ije/dyad134)

. qui siman setup, rep(rep) dgm(dgm) method(method) est(b) se(se) df(df) true(0)

. siman ana cover, perf
Warning: missing values in df()
siman analyse has run successfully

. save z0, replace
(file z0.dta not found)
file z0.dta saved

. 
. // (ii) lci, uci 
. use data/simcheck, clear
(Simulation results from simcheck99.do in paper doi:10.1093/ije/dyad134)

. gen zcrit = cond(mi(df),invnorm(.975),invt(df,.975))

. gen lci = b-zcrit*se

. gen uci = b+zcrit*se

. qui siman setup, rep(rep) dgm(dgm) method(method) est(b) se(se) df(df) true(0) lci(lci) uci(uci)

. siman ana cover, perf
Warning: missing values in df()
siman analyse has run successfully

. save z1, replace
(file z1.dta not found)
file z1.dta saved

. 
. // (iii) lci only then uci only
. use data/simcheck, clear
(Simulation results from simcheck99.do in paper doi:10.1093/ije/dyad134)

. gen zcrit = cond(mi(df),invnorm(.975),invt(df,.975))

. gen lci = b-zcrit*se

. gen uci = b+zcrit*se

. qui siman setup, rep(rep) dgm(dgm) method(method) est(b) se(se) df(df) true(0) lci(lci)

. siman ana cover, perf
Warning: missing values in df()
siman analyse has run successfully

. save z2, replace
(file z2.dta not found)
file z2.dta saved

. 
. use data/simcheck, clear
(Simulation results from simcheck99.do in paper doi:10.1093/ije/dyad134)

. gen zcrit = cond(mi(df),invnorm(.975),invt(df,.975))

. gen lci = b-zcrit*se

. gen uci = b+zcrit*se

. qui siman setup, rep(rep) dgm(dgm) method(method) est(b) se(se) df(df) true(0) uci(uci)

. siman ana cover, perf
Warning: missing values in df()
siman analyse has run successfully

. save z3, replace
(file z3.dta not found)
file z3.dta saved

. 
. use z1, clear
(Simulation results from simcheck99.do in paper doi:10.1093/ije/dyad134)

. drop zcrit lci uci

. cf _all using z0

. rename b b1

. merge 1:1 _n using z2
(label _dataset already defined)
(label method already defined)
(label indilab already defined)
(label dgm already defined)

    Result                      Number of obs
    -----------------------------------------
    Not matched                             0
    Matched                                 9  (_merge==3)
    -----------------------------------------

. assert _merge==3

. drop _merge

. rename b b2

. merge 1:1 _n using z3
(label _dataset already defined)
(label method already defined)
(label indilab already defined)
(label dgm already defined)

    Result                      Number of obs
    -----------------------------------------
    Not matched                             0
    Matched                                 9  (_merge==3)
    -----------------------------------------

. assert _merge==3

. drop _merge

. rename b b3

. assert reldif(100-b1,100-b2+100-b3)<1E-5

. 
. di as result "*** SIMAN HAS PASSED ALL THE TESTS IN `filename'.do ***"
*** SIMAN HAS PASSED ALL THE TESTS IN test_ci.do ***

. 
. forvalues i=0/3 {
  2.         erase z`i'.dta
  3. }

. log close
