{smcl}
{com}{sf}{ul off}{txt}{.-}
      name:  {res}<unnamed>
       {txt}log:  {res}N:\Home\Analysis\Simulations\siman\siman20231025/error4.smcl
  {txt}log type:  {res}smcl
 {txt}opened on:  {res}25 Oct 2023, 13:13:16
{txt}
{com}. prog drop _all
{txt}
{com}. use data/bvsim_all_out.dta, clear
{txt}
{com}. rename _dnum dnum
{res}{txt}
{com}. drop simno hazard hazcens shape cens pmcar n truebeta truegamma corr mdm
{txt}
{com}. drop if _n>100
{txt}(17,900 observations deleted)

{com}. reshape long beta_ sebeta_ gamma_ segamma_, i(dnum) j(method)
{txt}(j = 1 2 3 4 5 6 7 8 9 10)

Data{col 36}Wide{col 43}->{col 48}Long
{hline 77}
Number of observations     {res}         100   {txt}->   {res}1,000       
{txt}Number of variables        {res}          41   {txt}->   {res}6           
{txt}j variable (10 values)                    ->   {res}method
{txt}xij variables:
              {res}beta_1 beta_2 ... beta_10   {txt}->   {res}beta_
        sebeta_1 sebeta_2 ... sebeta_10   {txt}->   {res}sebeta_
           gamma_1 gamma_2 ... gamma_10   {txt}->   {res}gamma_
     segamma_1 segamma_2 ... segamma_10   {txt}->   {res}segamma_
{txt}{hline 77}

{com}. rename beta_ estbeta
{res}{txt}
{com}. rename sebeta_ sebeta
{res}{txt}
{com}. rename gamma_ estgamma
{res}{txt}
{com}. rename segamma_ segamma
{res}{txt}
{com}. reshape long est se, i(dnum method) j(target "beta" "gamma")

{txt}Data{col 36}Wide{col 43}->{col 48}Long
{hline 77}
Number of observations     {res}       1,000   {txt}->   {res}2,000       
{txt}Number of variables        {res}           6   {txt}->   {res}5           
{txt}j variable (2 values)                     ->   {res}target
{txt}xij variables:
                       {res}estbeta estgamma   {txt}->   {res}est
                         sebeta segamma   {txt}->   {res}se
{txt}{hline 77}

{com}. gen dgm = 1
{txt}
{com}. expand 2, gen(dupindicator)
{txt}(2,000 observations created)

{com}. replace dgm=2 if dupindicator==1
{txt}(2,000 real changes made)

{com}. drop dupindicator
{txt}
{com}. 
. siman setup, rep(dnum) dgm(dgm) est(est) se(se) method(method) target(target)

{txt}{col 20}SUMMARY OF DATA
_____________________________________________________

The siman format is:{res}{col 35}format 1: long-long
{txt}The format for targets is:{res}{col 35}long
{txt}The format for methods is:{res}{col 35}long
{txt}The number of targets is:{res}{col 35}2
{txt}The target values are:{res}{col 35}beta gamma

{txt}The number of methods is:{res}{col 35}10
{txt}The method values are:{res}{col 35}1 2 3 4 5 6 7 8 9 10

Data generating mechanism (dgm)
{txt}The total number of dgms is: {res}{col 35}2
{txt}The dgm variables (# levels): {res}{col 35}dgm (2) 

Estimates are contained in the dataset

{txt}The estimates variable is:{res}{col 35}est
{txt}The se variable is:{res}{col 35}se
{txt}The df variable is:{res}{col 35}N/A
{txt}The ci variables are:{res}{col 35}N/A
{txt}The p variable is:{res}{col 35}N/A
{txt}The true variable is:{res}{col 35}N/A
{txt}_____________________________________________________

{com}. 
. tab target dgm

           {txt}{c |}          dgm
    target {c |}         1          2 {c |}     Total
{hline 11}{c +}{hline 22}{c +}{hline 10}
      beta {c |}{res}     1,000      1,000 {txt}{c |}{res}     2,000 
{txt}     gamma {c |}{res}     1,000      1,000 {txt}{c |}{res}     2,000 
{txt}{hline 11}{c +}{hline 22}{c +}{hline 10}
     Total {c |}{res}     2,000      2,000 {txt}{c |}{res}     4,000 
{txt}
{com}. 
. cap noi siman comparemethodsscatter if target=="gamma" & dgm==1, methlist(3 5 7) name(cms_test357, replace)
{txt}Working.....
{err}cms_test357,replace invalid name
{txt}
{com}. 
. tab target dgm

           {txt}{c |}    dgm
    target {c |}         1 {c |}     Total
{hline 11}{c +}{hline 11}{c +}{hline 10}
     gamma {c |}{res}     1,000 {txt}{c |}{res}     1,000 
{txt}{hline 11}{c +}{hline 11}{c +}{hline 10}
     Total {c |}{res}     1,000 {txt}{c |}{res}     1,000 
{txt}
{com}. 
. * the crash has failed to preserve the data
. log close
      {txt}name:  {res}<unnamed>
       {txt}log:  {res}N:\Home\Analysis\Simulations\siman\siman20231025/error4.smcl
  {txt}log type:  {res}smcl
 {txt}closed on:  {res}25 Oct 2023, 13:13:17
{txt}{.-}
{smcl}
{txt}{sf}{ul off}