{smcl}
{com}{sf}{ul off}{txt}{.-}
      name:  {res}<unnamed>
       {txt}log:  {res}N:\Home\Analysis\Simulations\siman\siman20231025\error1.smcl
  {txt}log type:  {res}smcl
 {txt}opened on:  {res}25 Oct 2023, 09:37:33

{com}. use data/simlongESTPM_longE_longM.dta, clear

. 
. gen lci=est-2*se

. 
. gen uci=est+2*se

. 
. drop se

. 
. siman setup, rep(rep) target(estimand) dgm(dgm) true(true) method(method) lci(lci) uci(uci) est(est)

{txt}{col 20}SUMMARY OF DATA
_____________________________________________________

The siman format is:{res}{col 35}format 1: long-long
{txt}The format for targets is:{res}{col 35}long
{txt}The format for methods is:{res}{col 35}long
{txt}The number of targets is:{res}{col 35}2
{txt}The target values are:{res}{col 35}beta gamma

{txt}The number of methods is:{res}{col 35}2
{txt}The method values are:{res}{col 35}1 2

Data generating mechanism (dgm)
{txt}The total number of dgms is: {res}{col 35}2
{txt}The dgm variables (# levels): {res}{col 35}dgm (2) 

Estimates are contained in the dataset

{txt}The estimates variable is:{res}{col 35}est
{txt}The se variable is:{res}{col 35}N/A
{txt}The df variable is:{res}{col 35}N/A
{txt}The ci variables are:{res}{col 35}lci uci
{txt}The p variable is:{res}{col 35}N/A
{txt}The true variable is:{res}{col 35}true
{txt}_____________________________________________________

{com}. 
. siman analyse cover
{err}siman analyse requires est() and se() to be specified in set-up
{txt}{search r(498), local:r(498);}

{com}. log close
      {txt}name:  {res}<unnamed>
       {txt}log:  {res}N:\Home\Analysis\Simulations\siman\siman20231025\error1.smcl
  {txt}log type:  {res}smcl
 {txt}closed on:  {res}25 Oct 2023, 09:38:39
{txt}{.-}
{smcl}
{txt}{sf}{ul off}