{smcl}
{com}{sf}{ul off}{txt}{.-}
      name:  {res}<unnamed>
       {txt}log:  {res}C:\git\siman\Ella_testing\testing_graphs_matrix.smcl
  {txt}log type:  {res}smcl
 {txt}opened on:  {res}14 Nov 2023, 16:36:21
{txt}
{com}. siman which
{txt}C:\git\siman\siman.ado
{res}*!version 0.3  08aug2023
{txt}C:\git\siman\siman_setup.ado
{res}*!   version 0.8.5  13nov2023
{txt}C:\git\siman\siman_describe.ado
{res}*! version 0.5   17oct2022  
{txt}C:\git\siman\siman_analyse.ado
{res}*! version 0.6.10 13nov2023
{txt}C:\git\siman\siman_table.ado
{res}*! version 0.8.1   25oct2023
{txt}C:\git\siman\siman_reshape.ado
{res}*!  version 0.3.4   06nov2023
{txt}C:\git\siman\siman_lollyplot.ado
{res}*! version 1.13.1  25oct2023
{txt}C:\git\siman\siman_zipplot.ado
{res}*! version 1.8.12 25oct2023
{txt}C:\git\siman\siman_comparemethodsscatter.ado
{res}*! version 1.9.18 25oct2023
{txt}C:\git\siman\siman_blandaltman.ado
{res}*! version 1.6.11 16oct2023  EMZ produce error message if >=, <= or methlist(x/y) is used.
{txt}C:\git\siman\siman_swarm.ado
{res}*! version 1.9.7 03oct2023
{txt}C:\git\siman\siman_scatter.ado
{res}*! version 1.6.7 03oct2023
{txt}C:\git\siman\siman_nestloop.ado
{res}*! version 1.8.2   17aug2023
{txt}
{com}. 
. ********************************
. ********************************
. * DGM defined by 1 variable:
. * numeric
. * numeric with string labels
. * string
. * missing
. 
. * DGM defined by multiple variables with multiple levels:
. * numeric
. * numeric with string labels
. * string
. 
. * TARGET and METHOD:
. * wide or long
. * numeric
. * numeric with string labels
. * string
. * missing
. 
. * method: methlist option for subset of multiple methods
. 
. * TRUE
. * numeric value
. * numeric variable 1 level
. * numeric variable >1 level
. * missing
. ********************************
. ********************************
. 
. *************************************************************************
. *************************************************************************
. * LONG-LONG
. *************************************************************************
. *************************************************************************
. 
. * DGM numeric, 1 var
. *********************
. * target long and string, method long and numeric, true variable 1 level
. use data/simlongESTPM_longE_longM.dta, clear
{txt}
{com}. siman setup, rep(rep) dgm(dgm) target(estimand) method(method) estimate(est) se(se) true(true)

{txt}{col 20}SUMMARY OF DATA
_____________________________________________________

The siman format is:{res}{col 35}format 1: long-long
{txt}The format for targets is:{res}{col 35}long
{txt}The format for methods is:{res}{col 35}long
{txt}The number of targets is:{res}{col 35}2
{txt}The target values are:{res}{col 35}beta gamma

{txt}The number of methods is:{res}{col 35}2
{txt}The method values are:{res}{col 35}1 2

Data generating mechanism (dgm)
{txt}The total number of dgms is: {res}{col 35}2
{txt}The dgm variables (# levels): {res}{col 35}dgm (2) 

Estimates are contained in the dataset

{txt}The estimates variable is:{res}{col 35}est
{txt}The se variable is:{res}{col 35}se
{txt}The df variable is:{res}{col 35}N/A
{txt}The ci variables are:{res}{col 35}N/A
{txt}The p variable is:{res}{col 35}N/A
{txt}The true variable is:{res}{col 35}true
{txt}_____________________________________________________

{com}. siman analyse
{txt}siman analyse has run successfully

{hline 21}{c TT}{hline 21}
dgm, estimand and    {c |}        method       
performance measure  {c |}         1          2
{hline 21}{c +}{hline 21}
1                    {c |}
beta                 {c |}
               bsims {c |}      {res}1000       1000
                     {txt}{c |}          {res}           
                     {txt}{c |} 
              sesims {c |}      {res}1000       1000
                     {txt}{c |}          {res}           
                     {txt}{c |} 
                bias {c |} {res}-.0043991  -.0025973
                     {txt}{c |}  {res}.0024993   .0035644
                     {txt}{c |} 
                mean {c |} {res}-.0043991  -.0025973
                     {txt}{c |}  {res}.0024993   .0035644
                     {txt}{c |} 
               empse {c |}  {res}.0790336   .1127159
                     {txt}{c |}  {res}.0017681   .0025217
                     {txt}{c |} 
             relprec {c |}          {res}   -50.8353
                     {txt}{c |}          {res}    2.28676
                     {txt}{c |} 
                 mse {c |}  {res}.0062594   .0126989
                     {txt}{c |}  {res}.0002881   .0006187
                     {txt}{c |} 
                rmse {c |}  {res}.0791165   .1126895
                     {txt}{c |}  {res}.0018209   .0027454
                     {txt}{c |} 
             modelse {c |}  {res}.0787452   .1136343
                     {txt}{c |}  {res}.0001572   .0003405
                     {txt}{c |} 
             ciwidth {c |}  {res}.3080681   .4434751
                     {txt}{c |}  {res}.0006123   .0013217
                     {txt}{c |} 
            relerror {c |} {res}-.3649609   .8147949
                     {txt}{c |}  {res}2.237882   2.275551
                     {txt}{c |} 
               cover {c |}      {res}94.7       95.7
                     {txt}{c |}  {res}.7084563   .6414907
                     {txt}{c |} 
               power {c |}       {res}5.3        4.3
                     {txt}{c |}  {res}.7084561   .6414905
{txt}{hline 21}{c +}{hline 21}
1                    {c |}
gamma                {c |}
               bsims {c |}      {res}1000       1000
                     {txt}{c |}          {res}           
                     {txt}{c |} 
              sesims {c |}      {res}1000       1000
                     {txt}{c |}          {res}           
                     {txt}{c |} 
                bias {c |}  {res}.0005151   .0056354
                     {txt}{c |}  {res}.0025476   .0035789
                     {txt}{c |} 
                mean {c |}  {res}.0005151   .0056354
                     {txt}{c |}  {res}.0025476   .0035789
                     {txt}{c |} 
               empse {c |}  {res}.0805615   .1131762
                     {txt}{c |}  {res}.0018023    .002532
                     {txt}{c |} 
             relprec {c |}          {res}  -49.33068
                     {txt}{c |}          {res}   2.314097
                     {txt}{c |} 
                 mse {c |}  {res}.0064839   .0128278
                     {txt}{c |}  {res}.0002847   .0005329
                     {txt}{c |} 
                rmse {c |}  {res}.0805229   .1132599
                     {txt}{c |}  {res}.0017676   .0023524
                     {txt}{c |} 
             modelse {c |}  {res}.0788425   .1140264
                     {txt}{c |}  {res}.0001466   .0003426
                     {txt}{c |} 
             ciwidth {c |}  {res}.3085282   .4450112
                     {txt}{c |}  {res}.0005716   .0013243
                     {txt}{c |} 
            relerror {c |} {res}-2.133844   .7512448
                     {txt}{c |}  {res}2.196998   2.274225
                     {txt}{c |} 
               cover {c |}      {res}94.5       96.4
                     {txt}{c |}  {res}.7209369   .5891009
                     {txt}{c |} 
               power {c |}       {res}5.5        3.6
                     {txt}{c |}  {res}.7209369    .589101
{txt}{hline 21}{c +}{hline 21}
2                    {c |}
beta                 {c |}
               bsims {c |}      {res}1000       1000
                     {txt}{c |}          {res}           
                     {txt}{c |} 
              sesims {c |}      {res}1000       1000
                     {txt}{c |}          {res}           
                     {txt}{c |} 
                bias {c |} {res}-.0046965  -.0058509
                     {txt}{c |}  {res}.0028908   .0039932
                     {txt}{c |} 
                mean {c |} {res}-.0046965  -.0058509
                     {txt}{c |}  {res}.0028908   .0039932
                     {txt}{c |} 
               empse {c |}  {res}.0914144   .1262755
                     {txt}{c |}  {res}.0020451    .002825
                     {txt}{c |} 
             relprec {c |}          {res}  -47.59274
                     {txt}{c |}          {res}   2.430245
                     {txt}{c |} 
                 mse {c |}  {res}.0083703   .0159638
                     {txt}{c |}  {res}.0003797   .0007445
                     {txt}{c |} 
                rmse {c |}  {res}.0914893   .1263479
                     {txt}{c |}  {res}.0020748   .0029462
                     {txt}{c |} 
             modelse {c |}  {res}.0910296   .1313619
                     {txt}{c |}  {res}.0001752   .0003826
                     {txt}{c |} 
             ciwidth {c |}   {res}.356176   .5127883
                     {txt}{c |}   {res}.000683   .0014841
                     {txt}{c |} 
            relerror {c |}  {res}-.420924   4.028049
                     {txt}{c |}  {res}2.236001   2.346937
                     {txt}{c |} 
               cover {c |}        {res}95       95.6
                     {txt}{c |}  {res}.6892024   .6485677
                     {txt}{c |} 
               power {c |}         {res}5        4.4
                     {txt}{c |}  {res}.6892024   .6485677
{txt}{hline 21}{c +}{hline 21}
2                    {c |}
gamma                {c |}
               bsims {c |}      {res}1000       1000
                     {txt}{c |}          {res}           
                     {txt}{c |} 
              sesims {c |}      {res}1000       1000
                     {txt}{c |}          {res}           
                     {txt}{c |} 
                bias {c |}  {res}.0005948   .0065072
                     {txt}{c |}  {res}.0029417   .0041326
                     {txt}{c |} 
                mean {c |}  {res}.0005948   .0065072
                     {txt}{c |}  {res}.0029417   .0041326
                     {txt}{c |} 
               empse {c |}  {res}.0930244   .1306846
                     {txt}{c |}  {res}.0020811   .0029237
                     {txt}{c |} 
             relprec {c |}          {res}  -49.33068
                     {txt}{c |}          {res}   2.314097
                     {txt}{c |} 
                 mse {c |}  {res}.0086452   .0171037
                     {txt}{c |}  {res}.0003795   .0007105
                     {txt}{c |} 
                rmse {c |}  {res}.0929798   .1307813
                     {txt}{c |}   {res}.002041   .0027163
                     {txt}{c |} 
             modelse {c |}  {res}.0910394   .1316664
                     {txt}{c |}  {res}.0001693   .0003955
                     {txt}{c |} 
             ciwidth {c |}  {res}.3562577   .5138547
                     {txt}{c |}  {res}.0006601   .0015292
                     {txt}{c |} 
            relerror {c |} {res}-2.133846    .751246
                     {txt}{c |}  {res}2.196998   2.274225
                     {txt}{c |} 
               cover {c |}      {res}94.5       96.4
                     {txt}{c |}  {res}.7209369   .5891009
                     {txt}{c |} 
               power {c |}       {res}5.5        3.6
                     {txt}{c |}  {res}.7209369    .589101
{txt}{hline 21}{c BT}{hline 21}
{it: NOTE: Where there are 2 entries in the table, }
{it: the first entry is the performance measure and }
{it: the second entry is its Monte Carlo error.}

{com}. 
{txt}end of do-file

{com}. do "C:\Users\rmjlem1\AppData\Local\Temp\STD14b0_000000.tmp"
{txt}
{com}. * DGM numeric with string labels, 1 var
. *****************************************
. 
. * target wide and numeric with string labels, method wide and string, true value
. use data/simlongESTPM_longE_longM.dta, clear
{txt}
{com}. encode estimand, gen(estimand_num)
{txt}
{com}. drop estimand
{txt}
{com}. rename estimand_num estimand
{res}{txt}
{com}. label define dgml 1 "D1" 2 "D2"
{txt}
{com}. label values dgm dgml
{txt}
{com}. gen method_str = ""
{txt}(8,000 missing values generated)

{com}. replace method_str = "A" if method == 1
{txt}(4,000 real changes made)

{com}. replace method_str = "B" if method == 2
{txt}(4,000 real changes made)

{com}. drop method
{txt}
{com}. rename method_str method
{res}{txt}
{com}. drop true
{txt}
{com}. siman setup, rep(rep) dgm(dgm) target(estimand) method(method) estimate(est) se(se) true(0) 

{txt}{col 20}SUMMARY OF DATA
_____________________________________________________

The siman format is:{res}{col 35}format 1: long-long
{txt}The format for targets is:{res}{col 35}long
{txt}The format for methods is:{res}{col 35}long
{txt}The number of targets is:{res}{col 35}2
{txt}The target values are:{res}{col 35}beta gamma

{txt}The number of methods is:{res}{col 35}2
{txt}The method values are:{res}{col 35}A B

Data generating mechanism (dgm)
{txt}The total number of dgms is: {res}{col 35}2
{txt}The dgm variables (# levels): {res}{col 35}dgm (2) 

Estimates are contained in the dataset

{txt}The estimates variable is:{res}{col 35}est
{txt}The se variable is:{res}{col 35}se
{txt}The df variable is:{res}{col 35}N/A
{txt}The ci variables are:{res}{col 35}N/A
{txt}The p variable is:{res}{col 35}N/A
{txt}The true variable is:{res}{col 35}_true
{txt}_____________________________________________________

{com}. siman analyse
{txt}siman analyse has run successfully

{hline 21}{c TT}{hline 21}
dgm, estimand and    {c |}        method       
performance measure  {c |}         A          B
{hline 21}{c +}{hline 21}
D1                   {c |}
beta                 {c |}
               bsims {c |}      {res}1000       1000
                     {txt}{c |}          {res}           
                     {txt}{c |} 
              sesims {c |}      {res}1000       1000
                     {txt}{c |}          {res}           
                     {txt}{c |} 
                bias {c |} {res}-.0043991  -.0025973
                     {txt}{c |}  {res}.0024993   .0035644
                     {txt}{c |} 
                mean {c |} {res}-.0043991  -.0025973
                     {txt}{c |}  {res}.0024993   .0035644
                     {txt}{c |} 
               empse {c |}  {res}.0790336   .1127159
                     {txt}{c |}  {res}.0017681   .0025217
                     {txt}{c |} 
             relprec {c |}          {res}   -50.8353
                     {txt}{c |}          {res}    2.28676
                     {txt}{c |} 
                 mse {c |}  {res}.0062594   .0126989
                     {txt}{c |}  {res}.0002881   .0006187
                     {txt}{c |} 
                rmse {c |}  {res}.0791165   .1126895
                     {txt}{c |}  {res}.0018209   .0027454
                     {txt}{c |} 
             modelse {c |}  {res}.0787452   .1136343
                     {txt}{c |}  {res}.0001572   .0003405
                     {txt}{c |} 
             ciwidth {c |}  {res}.3080681   .4434751
                     {txt}{c |}  {res}.0006123   .0013217
                     {txt}{c |} 
            relerror {c |} {res}-.3649609   .8147949
                     {txt}{c |}  {res}2.237882   2.275551
                     {txt}{c |} 
               cover {c |}      {res}94.7       95.7
                     {txt}{c |}  {res}.7084563   .6414907
                     {txt}{c |} 
               power {c |}       {res}5.3        4.3
                     {txt}{c |}  {res}.7084561   .6414905
{txt}{hline 21}{c +}{hline 21}
D1                   {c |}
gamma                {c |}
               bsims {c |}      {res}1000       1000
                     {txt}{c |}          {res}           
                     {txt}{c |} 
              sesims {c |}      {res}1000       1000
                     {txt}{c |}          {res}           
                     {txt}{c |} 
                bias {c |}  {res}.0005151   .0056354
                     {txt}{c |}  {res}.0025476   .0035789
                     {txt}{c |} 
                mean {c |}  {res}.0005151   .0056354
                     {txt}{c |}  {res}.0025476   .0035789
                     {txt}{c |} 
               empse {c |}  {res}.0805615   .1131762
                     {txt}{c |}  {res}.0018023    .002532
                     {txt}{c |} 
             relprec {c |}          {res}  -49.33068
                     {txt}{c |}          {res}   2.314097
                     {txt}{c |} 
                 mse {c |}  {res}.0064839   .0128278
                     {txt}{c |}  {res}.0002847   .0005329
                     {txt}{c |} 
                rmse {c |}  {res}.0805229   .1132599
                     {txt}{c |}  {res}.0017676   .0023524
                     {txt}{c |} 
             modelse {c |}  {res}.0788425   .1140264
                     {txt}{c |}  {res}.0001466   .0003426
                     {txt}{c |} 
             ciwidth {c |}  {res}.3085282   .4450112
                     {txt}{c |}  {res}.0005716   .0013243
                     {txt}{c |} 
            relerror {c |} {res}-2.133844   .7512448
                     {txt}{c |}  {res}2.196998   2.274225
                     {txt}{c |} 
               cover {c |}      {res}94.5       96.4
                     {txt}{c |}  {res}.7209369   .5891009
                     {txt}{c |} 
               power {c |}       {res}5.5        3.6
                     {txt}{c |}  {res}.7209369    .589101
{txt}{hline 21}{c +}{hline 21}
D2                   {c |}
beta                 {c |}
               bsims {c |}      {res}1000       1000
                     {txt}{c |}          {res}           
                     {txt}{c |} 
              sesims {c |}      {res}1000       1000
                     {txt}{c |}          {res}           
                     {txt}{c |} 
                bias {c |} {res}-.0046965  -.0058509
                     {txt}{c |}  {res}.0028908   .0039932
                     {txt}{c |} 
                mean {c |} {res}-.0046965  -.0058509
                     {txt}{c |}  {res}.0028908   .0039932
                     {txt}{c |} 
               empse {c |}  {res}.0914144   .1262755
                     {txt}{c |}  {res}.0020451    .002825
                     {txt}{c |} 
             relprec {c |}          {res}  -47.59274
                     {txt}{c |}          {res}   2.430245
                     {txt}{c |} 
                 mse {c |}  {res}.0083703   .0159638
                     {txt}{c |}  {res}.0003797   .0007445
                     {txt}{c |} 
                rmse {c |}  {res}.0914893   .1263479
                     {txt}{c |}  {res}.0020748   .0029462
                     {txt}{c |} 
             modelse {c |}  {res}.0910296   .1313619
                     {txt}{c |}  {res}.0001752   .0003826
                     {txt}{c |} 
             ciwidth {c |}   {res}.356176   .5127883
                     {txt}{c |}   {res}.000683   .0014841
                     {txt}{c |} 
            relerror {c |}  {res}-.420924   4.028049
                     {txt}{c |}  {res}2.236001   2.346937
                     {txt}{c |} 
               cover {c |}        {res}95       95.6
                     {txt}{c |}  {res}.6892024   .6485677
                     {txt}{c |} 
               power {c |}         {res}5        4.4
                     {txt}{c |}  {res}.6892024   .6485677
{txt}{hline 21}{c +}{hline 21}
D2                   {c |}
gamma                {c |}
               bsims {c |}      {res}1000       1000
                     {txt}{c |}          {res}           
                     {txt}{c |} 
              sesims {c |}      {res}1000       1000
                     {txt}{c |}          {res}           
                     {txt}{c |} 
                bias {c |}  {res}.0005948   .0065072
                     {txt}{c |}  {res}.0029417   .0041326
                     {txt}{c |} 
                mean {c |}  {res}.0005948   .0065072
                     {txt}{c |}  {res}.0029417   .0041326
                     {txt}{c |} 
               empse {c |}  {res}.0930244   .1306846
                     {txt}{c |}  {res}.0020811   .0029237
                     {txt}{c |} 
             relprec {c |}          {res}  -49.33068
                     {txt}{c |}          {res}   2.314097
                     {txt}{c |} 
                 mse {c |}  {res}.0086452   .0171037
                     {txt}{c |}  {res}.0003795   .0007105
                     {txt}{c |} 
                rmse {c |}  {res}.0929798   .1307813
                     {txt}{c |}   {res}.002041   .0027163
                     {txt}{c |} 
             modelse {c |}  {res}.0910394   .1316664
                     {txt}{c |}  {res}.0001693   .0003955
                     {txt}{c |} 
             ciwidth {c |}  {res}.3562577   .5138547
                     {txt}{c |}  {res}.0006601   .0015292
                     {txt}{c |} 
            relerror {c |} {res}-2.133846    .751246
                     {txt}{c |}  {res}2.196998   2.274225
                     {txt}{c |} 
               cover {c |}      {res}94.5       96.4
                     {txt}{c |}  {res}.7209369   .5891009
                     {txt}{c |} 
               power {c |}       {res}5.5        3.6
                     {txt}{c |}  {res}.7209369    .589101
{txt}{hline 21}{c BT}{hline 21}
{it: NOTE: Where there are 2 entries in the table, }
{it: the first entry is the performance measure and }
{it: the second entry is its Monte Carlo error.}

{com}. 
{txt}end of do-file

{com}. do "C:\Users\rmjlem1\AppData\Local\Temp\STD14b0_000000.tmp"
{txt}
{com}. * DGM string, 1 var
. ********************
. * target and method long numeric string labels, true missing
. use data/simlongESTPM_longE_longM.dta, clear
{txt}
{com}. encode estimand, gen(estimand_num)
{txt}
{com}. drop estimand
{txt}
{com}. rename estimand_num estimand
{res}{txt}
{com}. label define methodl 1 "A" 2 "B"
{txt}
{com}. label values method methodl
{txt}
{com}. gen dgm_str = ""
{txt}(8,000 missing values generated)

{com}. replace dgm_str = "1" if dgm == 1
{txt}(4,000 real changes made)

{com}. replace dgm_str = "2" if dgm == 2
{txt}(4,000 real changes made)

{com}. drop dgm true
{txt}
{com}. rename dgm_str dgm
{res}{txt}
{com}. 
{txt}end of do-file

{com}. do "C:\Users\rmjlem1\AppData\Local\Temp\STD14b0_000000.tmp"
{txt}
{com}. use data/simlongESTPM_longE_longM.dta, clear
{txt}
{com}. encode estimand, gen(estimand_num)
{txt}
{com}. drop estimand
{txt}
{com}. rename estimand_num estimand
{res}{txt}
{com}. label define methodl 1 "A" 2 "B"
{txt}
{com}. label values method methodl
{txt}
{com}. gen dgm_str = ""
{txt}(8,000 missing values generated)

{com}. replace dgm_str = "1" if dgm == 1
{txt}(4,000 real changes made)

{com}. replace dgm_str = "2" if dgm == 2
{txt}(4,000 real changes made)

{com}. drop dgm true
{txt}
{com}. rename dgm_str dgm
{res}{txt}
{com}. 
{txt}end of do-file

{com}. do "C:\Users\rmjlem1\AppData\Local\Temp\STD14b0_000000.tmp"
{txt}
{com}. use data/simlongESTPM_longE_longM.dta, clear
{txt}
{com}. 
{txt}end of do-file

{com}. h encode

. do "C:\Users\rmjlem1\AppData\Local\Temp\STD14b0_000000.tmp"
{txt}
{com}. * method long numeric string labels, target numeric, true missing
. use data/simlongESTPM_longE_longM.dta, clear
{txt}
{com}. gen estimand_num = 1 if estimand == "beta"
{txt}(4,000 missing values generated)

{com}. gen estimand_num = 2 if estimand == "gamma"
{err}variable {bf}estimand_num{sf} already defined
{txt}{search r(110), local:r(110);}

end of do-file

{search r(110), local:r(110);}

{com}. do "C:\Users\rmjlem1\AppData\Local\Temp\STD14b0_000000.tmp"
{txt}
{com}. * method long numeric string labels, target numeric, true missing
. use data/simlongESTPM_longE_longM.dta, clear
{txt}
{com}. gen estimand_num = 1 if estimand == "beta"
{txt}(4,000 missing values generated)

{com}. replace estimand_num = 2 if estimand == "gamma"
{txt}(4,000 real changes made)

{com}. drop estimand
{txt}
{com}. rename estimand_num estimand
{res}{txt}
{com}. label define methodl 1 "A" 2 "B"
{txt}
{com}. label values method methodl
{txt}
{com}. gen dgm_str = ""
{txt}(8,000 missing values generated)

{com}. replace dgm_str = "1" if dgm == 1
{txt}(4,000 real changes made)

{com}. replace dgm_str = "2" if dgm == 2
{txt}(4,000 real changes made)

{com}. drop dgm true
{txt}
{com}. rename dgm_str dgm
{res}{txt}
{com}. 
{txt}end of do-file

{com}. do "C:\Users\rmjlem1\AppData\Local\Temp\STD14b0_000000.tmp"
{txt}
{com}. siman setup, rep(rep) dgm(dgm) target(estimand) method(method) estimate(est) se(se) 
{res}  {txt}variable {bf}dgm{sf} was {bf}{res}long{sf}{txt} now {bf}{res}byte{sf}
{txt}  (24,000 bytes saved)
{err}Warning: variable dgm, which appears in dgm(), was stored as a string. It has been
encoded as numeric so that subsequent siman commands will work. If you require a
different order, encode dgm as numeric before running -siman setup-.

{txt}{col 20}SUMMARY OF DATA
_____________________________________________________

The siman format is:{res}{col 35}format 1: long-long
{txt}The format for targets is:{res}{col 35}long
{txt}The format for methods is:{res}{col 35}long
{txt}The number of targets is:{res}{col 35}2
{txt}The target values are:{res}{col 35}1 2

{txt}The number of methods is:{res}{col 35}2
{txt}The method values are:{res}{col 35}A B

Data generating mechanism (dgm)
{txt}The total number of dgms is: {res}{col 35}2
{txt}The dgm variables (# levels): {res}{col 35}dgm (2) 

Estimates are contained in the dataset

{txt}The estimates variable is:{res}{col 35}est
{txt}The se variable is:{res}{col 35}se
{txt}The df variable is:{res}{col 35}N/A
{txt}The ci variables are:{res}{col 35}N/A
{txt}The p variable is:{res}{col 35}N/A
{txt}The true variable is:{res}{col 35}N/A
{txt}_____________________________________________________

{com}. 
{txt}end of do-file

{com}. do "C:\Users\rmjlem1\AppData\Local\Temp\STD14b0_000000.tmp"
{txt}
{com}. siman analyse
{txt}siman analyse has run successfully

{hline 21}{c TT}{hline 21}
dgm, estimand and    {c |}        method       
performance measure  {c |}         A          B
{hline 21}{c +}{hline 21}
1                    {c |}
1                    {c |}
               bsims {c |}      {res}1000       1000
                     {txt}{c |}          {res}           
                     {txt}{c |} 
              sesims {c |}      {res}1000       1000
                     {txt}{c |}          {res}           
                     {txt}{c |} 
                mean {c |} {res}-.0043991  -.0025973
                     {txt}{c |}  {res}.0024993   .0035644
                     {txt}{c |} 
               empse {c |}  {res}.0790336   .1127159
                     {txt}{c |}  {res}.0017681   .0025217
                     {txt}{c |} 
             relprec {c |}          {res}   -50.8353
                     {txt}{c |}          {res}    2.28676
                     {txt}{c |} 
             modelse {c |}  {res}.0787452   .1136343
                     {txt}{c |}  {res}.0001572   .0003405
                     {txt}{c |} 
             ciwidth {c |}  {res}.3080681   .4434751
                     {txt}{c |}  {res}.0006123   .0013217
                     {txt}{c |} 
            relerror {c |} {res}-.3649609   .8147949
                     {txt}{c |}  {res}2.237882   2.275551
                     {txt}{c |} 
               power {c |}       {res}5.3        4.3
                     {txt}{c |}  {res}.7084561   .6414905
{txt}{hline 21}{c +}{hline 21}
1                    {c |}
2                    {c |}
               bsims {c |}      {res}1000       1000
                     {txt}{c |}          {res}           
                     {txt}{c |} 
              sesims {c |}      {res}1000       1000
                     {txt}{c |}          {res}           
                     {txt}{c |} 
                mean {c |}  {res}.0005151   .0056354
                     {txt}{c |}  {res}.0025476   .0035789
                     {txt}{c |} 
               empse {c |}  {res}.0805615   .1131762
                     {txt}{c |}  {res}.0018023    .002532
                     {txt}{c |} 
             relprec {c |}          {res}  -49.33068
                     {txt}{c |}          {res}   2.314097
                     {txt}{c |} 
             modelse {c |}  {res}.0788425   .1140264
                     {txt}{c |}  {res}.0001466   .0003426
                     {txt}{c |} 
             ciwidth {c |}  {res}.3085282   .4450112
                     {txt}{c |}  {res}.0005716   .0013243
                     {txt}{c |} 
            relerror {c |} {res}-2.133844   .7512448
                     {txt}{c |}  {res}2.196998   2.274225
                     {txt}{c |} 
               power {c |}       {res}5.5        3.6
                     {txt}{c |}  {res}.7209369    .589101
{txt}{hline 21}{c +}{hline 21}
2                    {c |}
1                    {c |}
               bsims {c |}      {res}1000       1000
                     {txt}{c |}          {res}           
                     {txt}{c |} 
              sesims {c |}      {res}1000       1000
                     {txt}{c |}          {res}           
                     {txt}{c |} 
                mean {c |} {res}-.0046965  -.0058509
                     {txt}{c |}  {res}.0028908   .0039932
                     {txt}{c |} 
               empse {c |}  {res}.0914144   .1262755
                     {txt}{c |}  {res}.0020451    .002825
                     {txt}{c |} 
             relprec {c |}          {res}  -47.59274
                     {txt}{c |}          {res}   2.430245
                     {txt}{c |} 
             modelse {c |}  {res}.0910296   .1313619
                     {txt}{c |}  {res}.0001752   .0003826
                     {txt}{c |} 
             ciwidth {c |}   {res}.356176   .5127883
                     {txt}{c |}   {res}.000683   .0014841
                     {txt}{c |} 
            relerror {c |}  {res}-.420924   4.028049
                     {txt}{c |}  {res}2.236001   2.346937
                     {txt}{c |} 
               power {c |}         {res}5        4.4
                     {txt}{c |}  {res}.6892024   .6485677
{txt}{hline 21}{c +}{hline 21}
2                    {c |}
2                    {c |}
               bsims {c |}      {res}1000       1000
                     {txt}{c |}          {res}           
                     {txt}{c |} 
              sesims {c |}      {res}1000       1000
                     {txt}{c |}          {res}           
                     {txt}{c |} 
                mean {c |}  {res}.0005948   .0065072
                     {txt}{c |}  {res}.0029417   .0041326
                     {txt}{c |} 
               empse {c |}  {res}.0930244   .1306846
                     {txt}{c |}  {res}.0020811   .0029237
                     {txt}{c |} 
             relprec {c |}          {res}  -49.33068
                     {txt}{c |}          {res}   2.314097
                     {txt}{c |} 
             modelse {c |}  {res}.0910394   .1316664
                     {txt}{c |}  {res}.0001693   .0003955
                     {txt}{c |} 
             ciwidth {c |}  {res}.3562577   .5138547
                     {txt}{c |}  {res}.0006601   .0015292
                     {txt}{c |} 
            relerror {c |} {res}-2.133846    .751246
                     {txt}{c |}  {res}2.196998   2.274225
                     {txt}{c |} 
               power {c |}       {res}5.5        3.6
                     {txt}{c |}  {res}.7209369    .589101
{txt}{hline 21}{c BT}{hline 21}
{it: NOTE: Where there are 2 entries in the table, }
{it: the first entry is the performance measure and }
{it: the second entry is its Monte Carlo error.}

{com}. 
{txt}end of do-file

{com}. do "C:\Users\rmjlem1\AppData\Local\Temp\STD14b0_000000.tmp"
{txt}
{com}. * DGM missing
. ************** 
. * Target numeric, method missing, true > 1 level (different true values per target)
. use data/simlongESTPM_longE_longM.dta, clear
{txt}
{com}. replace true=0.5 if estimand=="beta"
{txt}(4,000 real changes made)

{com}. drop dgm method
{txt}
{com}. gen estimand_num = .
{txt}(8,000 missing values generated)

{com}. replace estimand_num = 1 if estimand == "beta"
{txt}(4,000 real changes made)

{com}. replace estimand_num = 2 if estimand == "gamma"
{txt}(4,000 real changes made)

{com}. drop estimand
{txt}
{com}. rename estimand_num estimand
{res}{txt}
{com}. bysort rep estimand: gen repitionindi=_n
{txt}
{com}. drop if repitionindi>1
{txt}(6,000 observations deleted)

{com}. drop repitionindi
{txt}
{com}. 
{txt}end of do-file

{com}. do "C:\Users\rmjlem1\AppData\Local\Temp\STD14b0_000000.tmp"
{txt}
{com}. siman setup, rep(rep) target(estimand) estimate(est) se(se) true(true)
{err}{it:WARNING: no method specified, siman will proceed assuming there is only one method.}
{it:If this is a mistake, enter method() option in -siman setup-}

{txt}{col 20}SUMMARY OF DATA
_____________________________________________________

The siman format is:{res}{col 35}format 1: long-long
{txt}The format for targets is:{res}{col 35}long
{txt}The format for methods is:{res}{col 35}long
{txt}The number of targets is:{res}{col 35}2
{txt}The target values are:{res}{col 35}1 2

{txt}The number of methods is:{res}{col 35}1
{txt}The method values are:{res}{col 35}1

Data generating mechanism (dgm)
{txt}The total number of dgms is: {res}{col 35}0
{txt}The dgm variables (# levels): {res}{col 35}none

Estimates are contained in the dataset

{txt}The estimates variable is:{res}{col 35}est
{txt}The se variable is:{res}{col 35}se
{txt}The df variable is:{res}{col 35}N/A
{txt}The ci variables are:{res}{col 35}N/A
{txt}The p variable is:{res}{col 35}N/A
{txt}The true variable is:{res}{col 35}true
{txt}_____________________________________________________

{com}. 
{txt}end of do-file

{com}. do "C:\Users\rmjlem1\AppData\Local\Temp\STD14b0_000000.tmp"
{txt}
{com}. siman analyse
{txt}siman analyse has run successfully

{hline 21}{c TT}{hline 21}
_methodvar and       {c |}       estimand      
performance measure  {c |}         1          2
{hline 21}{c +}{hline 21}
1                    {c |}
               bsims {c |}      {res}1000       1000
                     {txt}{c |}          {res}           
                     {txt}{c |} 
              sesims {c |}      {res}1000       1000
                     {txt}{c |}          {res}           
                     {txt}{c |} 
                bias {c |} {res}-.5053256   .0021959
                     {txt}{c |}  {res}.0032945   .0034025
                     {txt}{c |} 
                mean {c |} {res}-.0053256   .0021959
                     {txt}{c |}  {res}.0032945   .0034025
                     {txt}{c |} 
               empse {c |}  {res}.1041821   .1075979
                     {txt}{c |}  {res}.0023307   .0024072
                     {txt}{c |} 
             relprec {c |}          {res}           
                     {txt}{c |}          {res}           
                     {txt}{c |} 
                 mse {c |}   {res}.266197   .0115706
                     {txt}{c |}  {res}.0033103   .0005218
                     {txt}{c |} 
                rmse {c |}  {res}.5159428   .1075665
                     {txt}{c |}   {res}.003208   .0024255
                     {txt}{c |} 
             modelse {c |}  {res}.1070877   .1075445
                     {txt}{c |}  {res}.0007051   .0007141
                     {txt}{c |} 
             ciwidth {c |}   {res}.411073   .4126685
                     {txt}{c |}  {res}.0026904   .0027259
                     {txt}{c |} 
            relerror {c |}  {res}2.788992  -.0496554
                     {txt}{c |}   {res}2.39711   2.332479
                     {txt}{c |} 
               cover {c |}       {res}1.3       95.7
                     {txt}{c |}  {res}.3582039   .6414907
                     {txt}{c |} 
               power {c |}         {res}5        4.3
                     {txt}{c |}  {res}.6892024   .6414905
{txt}{hline 21}{c BT}{hline 21}
{it: NOTE: Where there are 2 entries in the table, }
{it: the first entry is the performance measure and }
{it: the second entry is its Monte Carlo error.}

{com}. 
{txt}end of do-file

{com}. do "C:\Users\rmjlem1\AppData\Local\Temp\STD14b0_000000.tmp"
{txt}
{com}. * missing target
. use data/simlongESTPM_longE_longM.dta, clear
{txt}
{com}. drop estimand
{txt}
{com}. bysort rep dgm method: gen repitionindi=_n
{txt}
{com}. drop if repitionindi == 2
{txt}(4,000 observations deleted)

{com}. drop repitionindi
{txt}
{com}. siman setup, rep(rep) dgm(dgm) method(method) estimate(est) se(se) true(true)

{txt}{col 20}SUMMARY OF DATA
_____________________________________________________

The siman format is:{res}{col 35}format 1: long-long
{txt}The format for targets is:{res}{col 35}long
{txt}The format for methods is:{res}{col 35}long
{txt}The number of targets is:{res}{col 35}N/A
{txt}The target values are:{res}{col 35}N/A

{txt}The number of methods is:{res}{col 35}2
{txt}The method values are:{res}{col 35}1 2

Data generating mechanism (dgm)
{txt}The total number of dgms is: {res}{col 35}2
{txt}The dgm variables (# levels): {res}{col 35}dgm (2) 

Estimates are contained in the dataset

{txt}The estimates variable is:{res}{col 35}est
{txt}The se variable is:{res}{col 35}se
{txt}The df variable is:{res}{col 35}N/A
{txt}The ci variables are:{res}{col 35}N/A
{txt}The p variable is:{res}{col 35}N/A
{txt}The true variable is:{res}{col 35}true
{txt}_____________________________________________________

{com}. 
{txt}end of do-file

{com}. do "C:\Users\rmjlem1\AppData\Local\Temp\STD14b0_000000.tmp"
{txt}
{com}. siman analyse 
{txt}siman analyse has run successfully

{hline 21}{c TT}{hline 21}
dgm and performance  {c |}        method       
measure              {c |}         1          2
{hline 21}{c +}{hline 21}
1                    {c |}
               bsims {c |}      {res}1000       1000
                     {txt}{c |}          {res}           
                     {txt}{c |} 
              sesims {c |}      {res}1000       1000
                     {txt}{c |}          {res}           
                     {txt}{c |} 
                bias {c |} {res}-.0045177   .0009217
                     {txt}{c |}  {res}.0025175   .0035533
                     {txt}{c |} 
                mean {c |} {res}-.0045177   .0009217
                     {txt}{c |}  {res}.0025175   .0035533
                     {txt}{c |} 
               empse {c |}  {res}.0796099   .1123664
                     {txt}{c |}   {res}.001781   .0025138
                     {txt}{c |} 
             relprec {c |}          {res}  -49.80492
                     {txt}{c |}          {res}   2.962244
                     {txt}{c |} 
                 mse {c |}  {res}.0063518   .0126144
                     {txt}{c |}  {res}.0002923   .0005864
                     {txt}{c |} 
                rmse {c |}  {res}.0796982    .112314
                     {txt}{c |}  {res}.0018341   .0026104
                     {txt}{c |} 
             modelse {c |}  {res}.0787482   .1134738
                     {txt}{c |}  {res}.0001557   .0003393
                     {txt}{c |} 
             ciwidth {c |}  {res}.3080918   .4428588
                     {txt}{c |}  {res}.0006064   .0013165
                     {txt}{c |} 
            relerror {c |} {res}-1.082418   .9855142
                     {txt}{c |}  {res}2.221601    2.27932
                     {txt}{c |} 
               cover {c |}      {res}94.7       95.7
                     {txt}{c |}  {res}.7084563   .6414907
                     {txt}{c |} 
               power {c |}       {res}5.3        4.3
                     {txt}{c |}  {res}.7084561   .6414905
{txt}{hline 21}{c +}{hline 21}
2                    {c |}
               bsims {c |}      {res}1000       1000
                     {txt}{c |}          {res}           
                     {txt}{c |} 
              sesims {c |}      {res}1000       1000
                     {txt}{c |}          {res}           
                     {txt}{c |} 
                bias {c |}  {res}.0002324  -.0020501
                     {txt}{c |}   {res}.002879   .0040217
                     {txt}{c |} 
                mean {c |}  {res}.0002324  -.0020501
                     {txt}{c |}   {res}.002879   .0040217
                     {txt}{c |} 
               empse {c |}  {res}.0910415   .1271781
                     {txt}{c |}  {res}.0020368   .0028452
                     {txt}{c |} 
             relprec {c |}          {res}  -48.75471
                     {txt}{c |}          {res}   3.182804
                     {txt}{c |} 
                 mse {c |}  {res}.0082803   .0161623
                     {txt}{c |}   {res}.000362   .0007167
                     {txt}{c |} 
                rmse {c |}  {res}.0909962    .127131
                     {txt}{c |}  {res}.0019889   .0028187
                     {txt}{c |} 
             modelse {c |}  {res}.0910826   .1313804
                     {txt}{c |}  {res}.0001726   .0003884
                     {txt}{c |} 
             ciwidth {c |}  {res}.3564046    .512796
                     {txt}{c |}  {res}.0006722   .0015064
                     {txt}{c |} 
            relerror {c |}  {res}.0452232   3.304257
                     {txt}{c |}  {res}2.246211   2.331202
                     {txt}{c |} 
               cover {c |}      {res}95.5       96.1
                     {txt}{c |}  {res}.6555532    .612201
                     {txt}{c |} 
               power {c |}       {res}4.5        3.9
                     {txt}{c |}  {res}.6555532    .612201
{txt}{hline 21}{c BT}{hline 21}
{it: NOTE: Where there are 2 entries in the table, }
{it: the first entry is the performance measure and }
{it: the second entry is its Monte Carlo error.}

{com}. 
{txt}end of do-file

{com}. do "C:\Users\rmjlem1\AppData\Local\Temp\STD14b0_000000.tmp"
{txt}
{com}. use data/extendedtestdata_postfile.dta, clear
{txt}
{com}. 
{txt}end of do-file

{com}. do "C:\Users\rmjlem1\AppData\Local\Temp\STD14b0_000000.tmp"
{txt}
{com}. * create true values
. gen betatrue = beta if estimand == "effect"
{txt}(72,000 missing values generated)

{com}. replace betatrue = 1 if estimand == "mean0"
{txt}(36,000 real changes made)

{com}. replace betatrue = 1 + beta if estimand == "mean1"
{txt}(36,000 real changes made)

{com}. 
. * remove non-integer values
. foreach var in beta pmiss {c -(}
{txt}  2{com}.         gen `var'char = strofreal(`var')
{txt}  3{com}.         drop `var'
{txt}  4{com}.         sencode `var'char, gen(`var')
{txt}  5{com}.         drop `var'char
{txt}  6{com}. {c )-}
{res}{txt}
{com}. order beta pmiss
{txt}
{com}. 
. * create a string dgm var as well for testing
. gen betastring = "0"
{txt}
{com}. replace betastring = "0.25" if beta == 2
{txt}variable {bf}betastring{sf} was {bf}{res}str1{sf}{txt} now {bf}{res}str4{sf}
{txt}(36,000 real changes made)

{com}. replace betastring = "0.5" if beta == 3
{txt}(36,000 real changes made)

{com}. drop beta
{txt}
{com}. rename betastring beta
{res}{txt}
{com}. 
{txt}end of do-file

{com}. do "C:\Users\rmjlem1\AppData\Local\Temp\STD14b0_000000.tmp"
{txt}
{com}. **********************************************************
. use data/extendedtestdata_postfile.dta, clear
{txt}
{com}. 
. * create a numeric dgm var as well for testing
. gen betanum = "0"
{txt}
{com}. replace betanum = "0.25" if beta == 2
{txt}(0 real changes made)

{com}. replace betanum = "0.5" if beta == 3
{txt}(0 real changes made)

{com}. drop betanum
{txt}
{com}. rename betanum beta
{res}{err}variable {bf}betanum{sf} not found
{txt}{search r(111), local:r(111);}

end of do-file

{search r(111), local:r(111);}

{com}. do "C:\Users\rmjlem1\AppData\Local\Temp\STD14b0_000000.tmp"
{txt}
{com}. **********************************************************
. use data/extendedtestdata_postfile.dta, clear
{txt}
{com}. 
. * create a numeric dgm var as well for testing
. gen betanum = "0"
{txt}
{com}. replace betanum = "0.25" if beta == 2
{txt}(0 real changes made)

{com}. replace betanum = "0.5" if beta == 3
{txt}(0 real changes made)

{com}. drop beta
{txt}
{com}. rename betanum beta
{res}{txt}
{com}. 
{txt}end of do-file

{com}. do "C:\Users\rmjlem1\AppData\Local\Temp\STD14b0_000000.tmp"
{txt}
{com}. use data/extendedtestdata_postfile.dta, clear
{txt}
{com}. 
. * create a numeric dgm var as well for testing
. gen betanum = "0"
{txt}
{com}. replace betanum = "0.25" if beta == 2
{txt}(0 real changes made)

{com}. replace betanum = "0.5" if beta == 3
{txt}(0 real changes made)

{com}. drop beta
{txt}
{com}. rename betanum beta
{res}{txt}
{com}. 
. * remove non-integer values
. foreach var in beta pmiss {c -(}
{txt}  2{com}.         gen `var'char = strofreal(`var')
{txt}  3{com}.         drop `var'
{txt}  4{com}.         sencode `var'char, gen(`var')
{txt}  5{com}.         drop `var'char
{txt}  6{com}. {c )-}
{err}type mismatch
{txt}{search r(109), local:r(109);}

end of do-file

{search r(109), local:r(109);}

{com}. do "C:\Users\rmjlem1\AppData\Local\Temp\STD14b0_000000.tmp"
{txt}
{com}. use data/extendedtestdata_postfile.dta, clear
{txt}
{com}. 
. * remove non-integer values
. foreach var in beta pmiss {c -(}
{txt}  2{com}.         gen `var'char = strofreal(`var')
{txt}  3{com}.         drop `var'
{txt}  4{com}.         sencode `var'char, gen(`var')
{txt}  5{com}.         drop `var'char
{txt}  6{com}. {c )-}
{res}{txt}
{com}. order beta pmiss
{txt}
{com}. 
. * create a numeric dgm var as well for testing
. gen betanum = "0"
{txt}
{com}. replace betanum = "0.25" if beta == 2
{txt}variable {bf}betanum{sf} was {bf}{res}str1{sf}{txt} now {bf}{res}str4{sf}
{txt}(36,000 real changes made)

{com}. replace betanum = "0.5" if beta == 3
{txt}(36,000 real changes made)

{com}. drop beta
{txt}
{com}. rename betanum beta
{res}{txt}
{com}. 
{txt}end of do-file

{com}. do "C:\Users\rmjlem1\AppData\Local\Temp\STD14b0_000000.tmp"
{txt}
{com}. use data/extendedtestdata_postfile.dta, clear
{txt}
{com}. 
. * remove non-integer values
. foreach var in beta pmiss {c -(}
{txt}  2{com}.         gen `var'char = strofreal(`var')
{txt}  3{com}.         drop `var'
{txt}  4{com}.         sencode `var'char, gen(`var')
{txt}  5{com}.         drop `var'char
{txt}  6{com}. {c )-}
{res}{txt}
{com}. order beta pmiss
{txt}
{com}. 
{txt}end of do-file

{com}. do "C:\Users\rmjlem1\AppData\Local\Temp\STD14b0_000000.tmp"
{txt}
{com}. use data/extendedtestdata_postfile.dta, clear
{txt}
{com}. 
. * remove non-integer values
. foreach var in beta pmiss {c -(}
{txt}  2{com}.         gen `var'char = strofreal(`var')
{txt}  3{com}.         drop `var'
{txt}  4{com}.         sencode `var'char, gen(`var')
{txt}  5{com}.         drop `var'char
{txt}  6{com}. {c )-}
{res}{txt}
{com}. order beta pmiss
{txt}
{com}. 
. siman_setup, rep(rep) dgm(beta pmiss mech) method(method) target(estimand) est(b) se(se) 
{res}  {txt}variable {bf}mech{sf} was {bf}{res}long{sf}{txt} now {bf}{res}byte{sf}
{txt}  (324,000 bytes saved)
{err}Warning: variable mech, which appears in dgm(), was stored as a string. It has been
encoded as numeric so that subsequent siman commands will work. If you require a
different order, encode mech as numeric before running -siman setup-.

{txt}{col 20}SUMMARY OF DATA
_____________________________________________________

The siman format is:{res}{col 35}format 1: long-long
{txt}The format for targets is:{res}{col 35}long
{txt}The format for methods is:{res}{col 35}long
{txt}The number of targets is:{res}{col 35}3
{txt}The target values are:{res}{col 35}effect mean0 mean1

{txt}The number of methods is:{res}{col 35}3
{txt}The method values are:{res}{col 35}CCA MeanImp Noadj

Data generating mechanism (dgm)
{txt}The total number of dgms is: {res}{col 35}12
{txt}The dgm variables (# levels): {res}{col 35}beta (3) pmiss (2) mech (2) 

Estimates are contained in the dataset

{txt}The estimates variable is:{res}{col 35}b
{txt}The se variable is:{res}{col 35}se
{txt}The df variable is:{res}{col 35}N/A
{txt}The ci variables are:{res}{col 35}N/A
{txt}The p variable is:{res}{col 35}N/A
{txt}The true variable is:{res}{col 35}N/A
{txt}_____________________________________________________

{com}. 
{txt}end of do-file

{com}. siman analyse
{txt}siman analyse has run successfully

{hline 21}{c TT}{hline 32}
beta, pmiss, mech,   {c |}
estimand and         {c |}             method             
performance measure  {c |}       CCA    MeanImp      Noadj
{hline 21}{c +}{hline 32}
0                    {c |}
.2                   {c |}
MCAR                 {c |}
effect               {c |}
               bsims {c |}      {res}1000       1000       1000
                     {txt}{c |}          {res}                      
                     {txt}{c |} 
              sesims {c |}      {res}1000       1000       1000
                     {txt}{c |}          {res}                      
                     {txt}{c |} 
                mean {c |}  {res}.0025341   .0021761  -.0034964
                     {txt}{c |}  {res}.0050018   .0048248   .0060434
                     {txt}{c |} 
               empse {c |}  {res}.1581701   .1525731   .1911095
                     {txt}{c |}  {res}.0035386   .0034133   .0042755
                     {txt}{c |} 
             relprec {c |}          {res}   7.471377    -31.501
                     {txt}{c |}          {res}   3.958131   3.397247
                     {txt}{c |} 
             modelse {c |}  {res}.1590372   .1556693   .2002325
                     {txt}{c |}  {res}.0003068   .0002637   .0003076
                     {txt}{c |} 
             ciwidth {c |}  {res}.6222619   .6093404   .7839791
                     {txt}{c |}  {res}.0011989   .0010317   .0012007
                     {txt}{c |} 
            relerror {c |}  {res}.5482441   2.029298   4.773726
                     {txt}{c |}  {res}2.257802    2.28912   2.349504
                     {txt}{c |} 
               power {c |}       {res}4.4        3.6          4
                     {txt}{c |}  {res}.6485677    .589101   .6196774
{txt}{hline 21}{c +}{hline 32}
0                    {c |}
.2                   {c |}
MCAR                 {c |}
mean0                {c |}
               bsims {c |}      {res}1000       1000       1000
                     {txt}{c |}          {res}                      
                     {txt}{c |} 
              sesims {c |}      {res}1000       1000       1000
                     {txt}{c |}          {res}                      
                     {txt}{c |} 
                mean {c |}  {res}.9956198   .9961078   .9989441
                     {txt}{c |}  {res}.0034357   .0039994   .0044315
                     {txt}{c |} 
               empse {c |}  {res}.1086476    .126472   .1401377
                     {txt}{c |}  {res}.0024306   .0028294   .0031351
                     {txt}{c |} 
             relprec {c |}          {res}  -26.20087  -39.89225
                     {txt}{c |}          {res}   3.405392   2.978411
                     {txt}{c |} 
             modelse {c |}  {res}.1124467   .1099436   .1415858
                     {txt}{c |}  {res}.0002233   .0001861   .0002175
                     {txt}{c |} 
             ciwidth {c |}  {res}.4399201   .4303562   .5543569
                     {txt}{c |}  {res}.0008721    .000728    .000849
                     {txt}{c |} 
            relerror {c |}  {res}3.496694  -13.06887   1.033348
                     {txt}{c |}  {res}2.324521   1.950369   2.265628
                     {txt}{c |} 
               power {c |}       {res}100        100        100
                     {txt}{c |}         {res}0          0          0
{txt}{hline 21}{c +}{hline 32}
0                    {c |}
.2                   {c |}
MCAR                 {c |}
mean1                {c |}
               bsims {c |}      {res}1000       1000       1000
                     {txt}{c |}          {res}                      
                     {txt}{c |} 
              sesims {c |}      {res}1000       1000       1000
                     {txt}{c |}          {res}                      
                     {txt}{c |} 
                mean {c |}  {res}.9981539    .998284   .9954478
                     {txt}{c |}  {res}.0036401   .0040642   .0044155
                     {txt}{c |} 
               empse {c |}  {res}.1151113    .128521   .1396295
                     {txt}{c |}  {res}.0025753   .0028753   .0031238
                     {txt}{c |} 
             relprec {c |}          {res}  -19.77907   -32.0356
                     {txt}{c |}          {res}   3.561042   3.356048
                     {txt}{c |} 
             modelse {c |}  {res}.1124886   .1099436   .1415858
                     {txt}{c |}  {res}.0002289   .0001861   .0002175
                     {txt}{c |} 
             ciwidth {c |}  {res}.4400418   .4303562   .5543569
                     {txt}{c |}  {res}.0008935    .000728    .000849
                     {txt}{c |} 
            relerror {c |} {res}-2.278399  -14.45476   1.401075
                     {txt}{c |}  {res}2.195239   1.919276   2.273874
                     {txt}{c |} 
               power {c |}       {res}100        100        100
                     {txt}{c |}         {res}0          0          0
{txt}{hline 21}{c +}{hline 32}
0                    {c |}
.2                   {c |}
MNAR                 {c |}
effect               {c |}
               bsims {c |}      {res}1000       1000       1000
                     {txt}{c |}          {res}                      
                     {txt}{c |} 
              sesims {c |}      {res}1000       1000       1000
                     {txt}{c |}          {res}                      
                     {txt}{c |} 
                mean {c |}  {res}.0051652   .0069042   .0063999
                     {txt}{c |}  {res}.0050357   .0049677   .0062144
                     {txt}{c |} 
               empse {c |}  {res}.1592432   .1570932   .1965152
                     {txt}{c |}  {res}.0035626   .0035145   .0043964
                     {txt}{c |} 
             relprec {c |}          {res}   2.755958  -34.33562
                     {txt}{c |}          {res}    3.92513   3.254202
                     {txt}{c |} 
             modelse {c |}  {res}.1586639   .1575551   .1997631
                     {txt}{c |}  {res}.0002984   .0002747   .0003192
                     {txt}{c |} 
             ciwidth {c |}  {res}.6208577   .6166729   .7820668
                     {txt}{c |}  {res}.0011663    .001073   .0012456
                     {txt}{c |} 
            relerror {c |} {res}-.3638003   .2940331   1.652786
                     {txt}{c |}  {res}2.236912   2.250566   2.279957
                     {txt}{c |} 
               power {c |}       {res}4.7        4.2        4.5
                     {txt}{c |}  {res}.6692608   .6343185   .6555532
{txt}{hline 21}{c +}{hline 32}
0                    {c |}
.2                   {c |}
MNAR                 {c |}
mean0                {c |}
               bsims {c |}      {res}1000       1000       1000
                     {txt}{c |}          {res}                      
                     {txt}{c |} 
              sesims {c |}      {res}1000       1000       1000
                     {txt}{c |}          {res}                      
                     {txt}{c |} 
                mean {c |}  {res}1.000282   .9969317   .9971839
                     {txt}{c |}  {res}.0035256   .0039993   .0043733
                     {txt}{c |} 
               empse {c |}   {res}.111489   .1264684   .1382961
                     {txt}{c |}  {res}.0024942   .0028293   .0030939
                     {txt}{c |} 
             relprec {c |}          {res}  -22.28588  -35.01042
                     {txt}{c |}          {res}   3.553124    3.21204
                     {txt}{c |} 
             modelse {c |}  {res}.1133514   .1112796   .1412539
                     {txt}{c |}  {res}.0002246   .0001941   .0002257
                     {txt}{c |} 
             ciwidth {c |}  {res}.4434629   .4355492   .5530047
                     {txt}{c |}  {res}.0008774   .0007582   .0008808
                     {txt}{c |} 
            relerror {c |}  {res}1.670485  -12.00996   2.138705
                     {txt}{c |}  {res}2.283466   1.974473   2.290856
                     {txt}{c |} 
               power {c |}       {res}100        100        100
                     {txt}{c |}         {res}0          0          0
{txt}{hline 21}{c +}{hline 32}
0                    {c |}
.2                   {c |}
MNAR                 {c |}
mean1                {c |}
               bsims {c |}      {res}1000       1000       1000
                     {txt}{c |}          {res}                      
                     {txt}{c |} 
              sesims {c |}      {res}1000       1000       1000
                     {txt}{c |}          {res}                      
                     {txt}{c |} 
                mean {c |}  {res}1.005447   1.003836   1.003584
                     {txt}{c |}  {res}.0036017    .004159   .0045974
                     {txt}{c |} 
               empse {c |}  {res}.1138948    .131519    .145381
                     {txt}{c |}   {res}.002548   .0029423   .0032524
                     {txt}{c |} 
             relprec {c |}          {res}  -25.00526  -38.62488
                     {txt}{c |}          {res}   3.301581   2.976425
                     {txt}{c |} 
             modelse {c |}   {res}.113427   .1112796   .1412539
                     {txt}{c |}  {res}.0002256   .0001941   .0002257
                     {txt}{c |} 
             ciwidth {c |}  {res}.4437514   .4355492   .5530047
                     {txt}{c |}  {res}.0008817   .0007582   .0008808
                     {txt}{c |} 
            relerror {c |} {res}-.4107688  -15.38898  -2.838857
                     {txt}{c |}  {res}2.236787   1.898649   2.179215
                     {txt}{c |} 
               power {c |}       {res}100        100        100
                     {txt}{c |}         {res}0          0          0
{txt}{hline 21}{c +}{hline 32}
0                    {c |}
.4                   {c |}
MCAR                 {c |}
effect               {c |}
               bsims {c |}      {res}1000       1000       1000
                     {txt}{c |}          {res}                      
                     {txt}{c |} 
              sesims {c |}      {res}1000       1000       1000
                     {txt}{c |}          {res}                      
                     {txt}{c |} 
                mean {c |} {res}-.0040346  -.0106284  -.0075639
                     {txt}{c |}  {res}.0058504   .0054603   .0064138
                     {txt}{c |} 
               empse {c |}  {res}.1850048   .1726695   .2028226
                     {txt}{c |}  {res}.0041389   .0038629   .0045375
                     {txt}{c |} 
             relprec {c |}          {res}   14.79805  -16.79807
                     {txt}{c |}          {res}   5.443054   4.371892
                     {txt}{c |} 
             modelse {c |}  {res}.1843259   .1682872   .2005376
                     {txt}{c |}  {res}.0004201   .0002874   .0003196
                     {txt}{c |} 
             ciwidth {c |}  {res}.7207052   .6587221   .7851013
                     {txt}{c |}    {res}.00163   .0011208   .0012489
                     {txt}{c |} 
            relerror {c |} {res}-.3669457  -2.537951   -1.12658
                     {txt}{c |}  {res}2.240513   2.186753   2.217587
                     {txt}{c |} 
               power {c |}       {res}5.6        5.9        5.6
                     {txt}{c |}  {res}.7270764   .7451108   .7270764
{txt}{hline 21}{c +}{hline 32}
0                    {c |}
.4                   {c |}
MCAR                 {c |}
mean0                {c |}
               bsims {c |}      {res}1000       1000       1000
                     {txt}{c |}          {res}                      
                     {txt}{c |} 
              sesims {c |}      {res}1000       1000       1000
                     {txt}{c |}          {res}                      
                     {txt}{c |} 
                mean {c |}  {res}1.000462   1.000881    .999349
                     {txt}{c |}  {res}.0041282   .0042365    .004576
                     {txt}{c |} 
               empse {c |}  {res}.1305456   .1339693   .1447049
                     {txt}{c |}  {res}.0029205   .0029971   .0032373
                     {txt}{c |} 
             relprec {c |}          {res}  -5.045934  -18.61251
                     {txt}{c |}          {res}   4.802574   4.287085
                     {txt}{c |} 
             modelse {c |}  {res}.1305939   .1188526   .1418015
                     {txt}{c |}  {res}.0003286   .0002027    .000226
                     {txt}{c |} 
             ciwidth {c |}   {res}.510349   .4652237   .5551504
                     {txt}{c |}  {res}.0012674   .0007903   .0008831
                     {txt}{c |} 
            relerror {c |}  {res}.0370401  -11.28368   -2.00644
                     {txt}{c |}  {res}2.252127   1.990506   2.197853
                     {txt}{c |} 
               power {c |}       {res}100        100        100
                     {txt}{c |}         {res}0          0          0
{txt}{hline 21}{c +}{hline 32}
0                    {c |}
.4                   {c |}
MCAR                 {c |}
mean1                {c |}
               bsims {c |}      {res}1000       1000       1000
                     {txt}{c |}          {res}                      
                     {txt}{c |} 
              sesims {c |}      {res}1000       1000       1000
                     {txt}{c |}          {res}                      
                     {txt}{c |} 
                mean {c |}  {res}.9964275   .9902528    .991785
                     {txt}{c |}  {res}.0040727   .0041946   .0045016
                     {txt}{c |} 
               empse {c |}  {res}.1287902   .1326448   .1423518
                     {txt}{c |}  {res}.0028813   .0029675   .0031847
                     {txt}{c |} 
             relprec {c |}          {res}  -5.727448  -18.14595
                     {txt}{c |}          {res}   4.702864   4.260022
                     {txt}{c |} 
             modelse {c |}  {res}.1300832   .1188526   .1418015
                     {txt}{c |}  {res}.0003176   .0002027    .000226
                     {txt}{c |} 
             ciwidth {c |}  {res}.5084248   .4652237   .5551504
                     {txt}{c |}  {res}.0012332   .0007903   .0008831
                     {txt}{c |} 
            relerror {c |}  {res}1.003914  -10.39784   -.386567
                     {txt}{c |}  {res}2.273066   2.010381   2.234185
                     {txt}{c |} 
               power {c |}       {res}100        100        100
                     {txt}{c |}         {res}0          0          0
{txt}{hline 21}{c +}{hline 32}
0                    {c |}
.4                   {c |}
MNAR                 {c |}
effect               {c |}
               bsims {c |}      {res}1000       1000       1000
                     {txt}{c |}          {res}                      
                     {txt}{c |} 
              sesims {c |}      {res}1000       1000       1000
                     {txt}{c |}          {res}                      
                     {txt}{c |} 
                mean {c |}   {res}-.00534   .0017957   .0038512
                     {txt}{c |}  {res}.0058944   .0057885   .0063535
                     {txt}{c |} 
               empse {c |}  {res}.1863973   .1830487   .2009145
                     {txt}{c |}  {res}.0041701   .0040951   .0044948
                     {txt}{c |} 
             relprec {c |}          {res}   3.692184  -13.92896
                     {txt}{c |}          {res}   5.141973   4.535763
                     {txt}{c |} 
             modelse {c |}  {res}.1830743   .1775443   .1997327
                     {txt}{c |}  {res}.0004151   .0003043   .0003129
                     {txt}{c |} 
             ciwidth {c |}  {res}.7158127     .69494    .781976
                     {txt}{c |}  {res}.0016184   .0011923   .0012275
                     {txt}{c |} 
            relerror {c |} {res}-1.782753  -3.007068  -.5881864
                     {txt}{c |}   {res}2.20856    2.17627   2.229474
                     {txt}{c |} 
               power {c |}       {res}5.8        6.1        4.9
                     {txt}{c |}  {res}.7391617   .7568289   .6826346
{txt}{hline 21}{c +}{hline 32}
0                    {c |}
.4                   {c |}
MNAR                 {c |}
mean0                {c |}
               bsims {c |}      {res}1000       1000       1000
                     {txt}{c |}          {res}                      
                     {txt}{c |} 
              sesims {c |}      {res}1000       1000       1000
                     {txt}{c |}          {res}                      
                     {txt}{c |} 
                mean {c |}  {res}.9990383   .9973477   .9963199
                     {txt}{c |}  {res}.0045246   .0041852   .0043757
                     {txt}{c |} 
               empse {c |}  {res}.1430802   .1323479   .1383723
                     {txt}{c |}   {res}.003201   .0029609   .0030956
                     {txt}{c |} 
             relprec {c |}          {res}   16.87576   6.920382
                     {txt}{c |}          {res}   6.429841   6.006739
                     {txt}{c |} 
             modelse {c |}  {res}.1421672   .1253868   .1412324
                     {txt}{c |}  {res}.0003872   .0002146   .0002212
                     {txt}{c |} 
             ciwidth {c |}  {res}.5552768   .4907883   .5529405
                     {txt}{c |}  {res}.0014956   .0008408   .0008679
                     {txt}{c |} 
            relerror {c |} {res}-.6380477  -5.259725   2.066927
                     {txt}{c |}  {res}2.239327   2.125709   2.289019
                     {txt}{c |} 
               power {c |}       {res}100        100        100
                     {txt}{c |}         {res}0          0          0
{txt}{hline 21}{c +}{hline 32}
0                    {c |}
.4                   {c |}
MNAR                 {c |}
mean1                {c |}
               bsims {c |}      {res}1000       1000       1000
                     {txt}{c |}          {res}                      
                     {txt}{c |} 
              sesims {c |}      {res}1000       1000       1000
                     {txt}{c |}          {res}                      
                     {txt}{c |} 
                mean {c |}  {res}.9936984   .9991434   1.000171
                     {txt}{c |}  {res}.0045477   .0043392   .0045417
                     {txt}{c |} 
               empse {c |}  {res}.1438119   .1372165   .1436222
                     {txt}{c |}  {res}.0032173   .0030698   .0032131
                     {txt}{c |} 
             relprec {c |}          {res}   9.844188   .2643282
                     {txt}{c |}          {res}   5.858572     5.4393
                     {txt}{c |} 
             modelse {c |}  {res}.1422711   .1253868   .1412324
                     {txt}{c |}  {res}.0004004   .0002146   .0002212
                     {txt}{c |} 
             ciwidth {c |}  {res}.5555292   .4907883   .5529405
                     {txt}{c |}  {res}.0015526   .0008408   .0008679
                     {txt}{c |} 
            relerror {c |} {res}-1.071406  -8.621186  -1.663993
                     {txt}{c |}  {res}2.230659   2.050287   2.205347
                     {txt}{c |} 
               power {c |}       {res}100        100        100
                     {txt}{c |}         {res}0          0          0
{txt}{hline 21}{c +}{hline 32}
.25                  {c |}
.2                   {c |}
MCAR                 {c |}
effect               {c |}
               bsims {c |}      {res}1000       1000       1000
                     {txt}{c |}          {res}                      
                     {txt}{c |} 
              sesims {c |}      {res}1000       1000       1000
                     {txt}{c |}          {res}                      
                     {txt}{c |} 
                mean {c |}  {res}.2527473   .2505009   .2484434
                     {txt}{c |}  {res}.0050655   .0049291   .0063368
                     {txt}{c |} 
               empse {c |}  {res}.1601859    .155873   .2003881
                     {txt}{c |}  {res}.0035837   .0034872   .0044831
                     {txt}{c |} 
             relprec {c |}          {res}   5.610406   -36.0994
                     {txt}{c |}          {res}   3.822774   3.145098
                     {txt}{c |} 
             modelse {c |}   {res}.158477   .1553216   .1998129
                     {txt}{c |}  {res}.0002866   .0002626   .0003235
                     {txt}{c |} 
             ciwidth {c |}  {res}.6202054     .60798   .7822268
                     {txt}{c |}  {res}.0011221   .0010292   .0012676
                     {txt}{c |} 
            relerror {c |}  {res}-1.06681  -.3537511   -.287028
                     {txt}{c |}  {res}2.220538   2.235628   2.236598
                     {txt}{c |} 
               power {c |}      {res}35.6       34.9       23.5
                     {txt}{c |}  {res}1.514147   1.507312   1.340802
{txt}{hline 21}{c +}{hline 32}
.25                  {c |}
.2                   {c |}
MCAR                 {c |}
mean0                {c |}
               bsims {c |}      {res}1000       1000       1000
                     {txt}{c |}          {res}                      
                     {txt}{c |} 
              sesims {c |}      {res}1000       1000       1000
                     {txt}{c |}          {res}                      
                     {txt}{c |} 
                mean {c |}  {res}.9953387   .9946022    .995631
                     {txt}{c |}  {res}.0036465   .0041445   .0045289
                     {txt}{c |} 
               empse {c |}  {res}.1153123   .1310613   .1432165
                     {txt}{c |}  {res}.0025798   .0029321    .003204
                     {txt}{c |} 
             relprec {c |}          {res}  -22.58915  -35.17168
                     {txt}{c |}          {res}   3.372301   3.178906
                     {txt}{c |} 
             modelse {c |}  {res}.1120492   .1096937   .1412891
                     {txt}{c |}   {res}.000209   .0001854   .0002287
                     {txt}{c |} 
             ciwidth {c |}  {res}.4384659   .4293774   .5531179
                     {txt}{c |}  {res}.0008165   .0007266   .0008963
                     {txt}{c |} 
            relerror {c |} {res}-2.829776  -16.30358   -1.34585
                     {txt}{c |}  {res}2.181421   1.877781   2.212848
                     {txt}{c |} 
               power {c |}       {res}100        100        100
                     {txt}{c |}         {res}0          0          0
{txt}{hline 21}{c +}{hline 32}
.25                  {c |}
.2                   {c |}
MCAR                 {c |}
mean1                {c |}
               bsims {c |}      {res}1000       1000       1000
                     {txt}{c |}          {res}                      
                     {txt}{c |} 
              sesims {c |}      {res}1000       1000       1000
                     {txt}{c |}          {res}                      
                     {txt}{c |} 
                mean {c |}  {res}1.248086   1.245103   1.244074
                     {txt}{c |}  {res}.0034785   .0039931   .0045322
                     {txt}{c |} 
               empse {c |}  {res}.1099988   .1262728   .1433192
                     {txt}{c |}  {res}.0024609    .002825   .0032063
                     {txt}{c |} 
             relprec {c |}          {res}  -24.11494  -41.09301
                     {txt}{c |}          {res}    3.44376   2.871909
                     {txt}{c |} 
             modelse {c |}  {res}.1120856   .1096937   .1412891
                     {txt}{c |}  {res}.0002164   .0001854   .0002287
                     {txt}{c |} 
             ciwidth {c |}  {res}.4385509   .4293774   .5531179
                     {txt}{c |}  {res}.0008471   .0007266   .0008963
                     {txt}{c |} 
            relerror {c |}  {res}1.897122   -13.1296  -1.416533
                     {txt}{c |}  {res}2.288101   1.948991   2.211263
                     {txt}{c |} 
               power {c |}       {res}100        100        100
                     {txt}{c |}         {res}0          0          0
{txt}{hline 21}{c +}{hline 32}
.25                  {c |}
.2                   {c |}
MNAR                 {c |}
effect               {c |}
               bsims {c |}      {res}1000       1000       1000
                     {txt}{c |}          {res}                      
                     {txt}{c |} 
              sesims {c |}      {res}1000       1000       1000
                     {txt}{c |}          {res}                      
                     {txt}{c |} 
                mean {c |}  {res}.2521697   .2469522   .2467402
                     {txt}{c |}  {res}.0050535   .0049456   .0066448
                     {txt}{c |} 
               empse {c |}  {res}.1598057    .156393   .2101283
                     {txt}{c |}  {res}.0035752   .0034988    .004701
                     {txt}{c |} 
             relprec {c |}          {res}   4.411891  -42.16171
                     {txt}{c |}          {res}   3.964161     2.7453
                     {txt}{c |} 
             modelse {c |}  {res}.1595675   .1578927   .2002832
                     {txt}{c |}  {res}.0003036   .0002745   .0003213
                     {txt}{c |} 
             ciwidth {c |}  {res}.6243665   .6180017   .7840847
                     {txt}{c |}  {res}.0011873    .001071   .0012602
                     {txt}{c |} 
            relerror {c |}  {res}-.149025   .9589576  -4.685263
                     {txt}{c |}  {res}2.241916   2.265448   2.137843
                     {txt}{c |} 
               power {c |}      {res}33.8       33.9       24.6
                     {txt}{c |}  {res}1.495848   1.496927   1.361925
{txt}{hline 21}{c +}{hline 32}
.25                  {c |}
.2                   {c |}
MNAR                 {c |}
mean0                {c |}
               bsims {c |}      {res}1000       1000       1000
                     {txt}{c |}          {res}                      
                     {txt}{c |} 
              sesims {c |}      {res}1000       1000       1000
                     {txt}{c |}          {res}                      
                     {txt}{c |} 
                mean {c |}  {res}.9950817   .9939582   .9940643
                     {txt}{c |}   {res}.003674   .0040392   .0046376
                     {txt}{c |} 
               empse {c |}  {res}.1161831   .1277313   .1466545
                     {txt}{c |}  {res}.0025992   .0028576   .0032809
                     {txt}{c |} 
             relprec {c |}          {res}  -17.26461  -37.23823
                     {txt}{c |}          {res}   3.746284   2.994491
                     {txt}{c |} 
             modelse {c |}  {res}.1140788   .1115027   .1416216
                     {txt}{c |}  {res}.0002309   .0001935   .0002272
                     {txt}{c |} 
             ciwidth {c |}  {res}.4462741   .4364309   .5544316
                     {txt}{c |}  {res}.0009003   .0007549   .0008911
                     {txt}{c |} 
            relerror {c |} {res}-1.811223  -12.70522  -3.431776
                     {txt}{c |}  {res}2.205637   1.958812   2.165958
                     {txt}{c |} 
               power {c |}       {res}100        100        100
                     {txt}{c |}         {res}0          0          0
{txt}{hline 21}{c +}{hline 32}
.25                  {c |}
.2                   {c |}
MNAR                 {c |}
mean1                {c |}
               bsims {c |}      {res}1000       1000       1000
                     {txt}{c |}          {res}                      
                     {txt}{c |} 
              sesims {c |}      {res}1000       1000       1000
                     {txt}{c |}          {res}                      
                     {txt}{c |} 
                mean {c |}  {res}1.247251    1.24091   1.240804
                     {txt}{c |}  {res}.0034781   .0038531    .004416
                     {txt}{c |} 
               empse {c |}  {res}.1099882   .1218443   .1396472
                     {txt}{c |}  {res}.0024606   .0027259   .0031242
                     {txt}{c |} 
             relprec {c |}          {res}  -18.51431  -37.96635
                     {txt}{c |}          {res}   3.940328   3.194757
                     {txt}{c |} 
             modelse {c |}  {res}.1139007   .1115027   .1416216
                     {txt}{c |}  {res}.0002256   .0001935   .0002272
                     {txt}{c |} 
             ciwidth {c |}  {res}.4456148   .4364309   .5544316
                     {txt}{c |}  {res}.0008803   .0007549   .0008911
                     {txt}{c |} 
            relerror {c |}  {res}3.557214  -8.487556    1.41383
                     {txt}{c |}  {res}2.325831   2.053452   2.274642
                     {txt}{c |} 
               power {c |}       {res}100        100        100
                     {txt}{c |}         {res}0          0          0
{txt}{hline 21}{c +}{hline 32}
.25                  {c |}
.4                   {c |}
MCAR                 {c |}
effect               {c |}
               bsims {c |}      {res}1000       1000       1000
                     {txt}{c |}          {res}                      
                     {txt}{c |} 
              sesims {c |}      {res}1000       1000       1000
                     {txt}{c |}          {res}                      
                     {txt}{c |} 
                mean {c |}  {res}.2465658   .2505849   .2549402
                     {txt}{c |}  {res}.0060214   .0052363   .0063101
                     {txt}{c |} 
               empse {c |}  {res}.1904123   .1655862   .1995432
                     {txt}{c |}  {res}.0042599   .0037045   .0044642
                     {txt}{c |} 
             relprec {c |}          {res}   32.23362  -8.942381
                     {txt}{c |}          {res}   6.214656   4.843795
                     {txt}{c |} 
             modelse {c |}  {res}.1835962    .167694    .199773
                     {txt}{c |}  {res}.0004158    .000289   .0003116
                     {txt}{c |} 
             ciwidth {c |}  {res}.7178638   .6563814   .7821474
                     {txt}{c |}  {res}.0016184   .0011276   .0012189
                     {txt}{c |} 
            relerror {c |}  {res}-3.57967   1.272905    .115136
                     {txt}{c |}  {res}2.168128   2.272378     2.2452
                     {txt}{c |} 
               power {c |}      {res}28.1       31.9       26.2
                     {txt}{c |}  {res}1.421404   1.473903   1.390525
{txt}{hline 21}{c +}{hline 32}
.25                  {c |}
.4                   {c |}
MCAR                 {c |}
mean0                {c |}
               bsims {c |}      {res}1000       1000       1000
                     {txt}{c |}          {res}                      
                     {txt}{c |} 
              sesims {c |}      {res}1000       1000       1000
                     {txt}{c |}          {res}                      
                     {txt}{c |} 
                mean {c |}  {res}1.004279   1.001724   .9995459
                     {txt}{c |}  {res}.0041273   .0040722   .0043798
                     {txt}{c |} 
               empse {c |}   {res}.130518   .1287758    .138501
                     {txt}{c |}  {res}.0029199    .002881   .0030985
                     {txt}{c |} 
             relprec {c |}          {res}   2.724042  -11.19553
                     {txt}{c |}          {res}   5.187405   4.708285
                     {txt}{c |} 
             modelse {c |}  {res}.1298397   .1184202   .1412608
                     {txt}{c |}  {res}.0003154   .0002035   .0002203
                     {txt}{c |} 
             ciwidth {c |}   {res}.507485   .4635191   .5530617
                     {txt}{c |}   {res}.001226   .0007944   .0008619
                     {txt}{c |} 
            relerror {c |} {res}-.5197104  -8.041621   1.992588
                     {txt}{c |}   {res}2.23864   2.063343   2.287304
                     {txt}{c |} 
               power {c |}       {res}100        100        100
                     {txt}{c |}         {res}0          0          0
{txt}{hline 21}{c +}{hline 32}
.25                  {c |}
.4                   {c |}
MCAR                 {c |}
mean1                {c |}
               bsims {c |}      {res}1000       1000       1000
                     {txt}{c |}          {res}                      
                     {txt}{c |} 
              sesims {c |}      {res}1000       1000       1000
                     {txt}{c |}          {res}                      
                     {txt}{c |} 
                mean {c |}  {res}1.250845   1.252308   1.254486
                     {txt}{c |}  {res}.0040974   .0041912   .0046007
                     {txt}{c |} 
               empse {c |}  {res}.1295717   .1325389   .1454874
                     {txt}{c |}  {res}.0028988   .0029651   .0032548
                     {txt}{c |} 
             relprec {c |}          {res}  -4.427241  -20.68234
                     {txt}{c |}          {res}   4.850225   4.212103
                     {txt}{c |} 
             modelse {c |}  {res}.1297947   .1184202   .1412608
                     {txt}{c |}  {res}.0003172   .0002035   .0002203
                     {txt}{c |} 
             ciwidth {c |}  {res}.5072898   .4635191   .5530617
                     {txt}{c |}  {res}.0012336   .0007944   .0008619
                     {txt}{c |} 
            relerror {c |}  {res}.1721137  -10.65248  -2.905118
                     {txt}{c |}  {res}2.254367   2.004761   2.177467
                     {txt}{c |} 
               power {c |}       {res}100        100        100
                     {txt}{c |}         {res}0          0          0
{txt}{hline 21}{c +}{hline 32}
.25                  {c |}
.4                   {c |}
MNAR                 {c |}
effect               {c |}
               bsims {c |}      {res}1000       1000       1000
                     {txt}{c |}          {res}                      
                     {txt}{c |} 
              sesims {c |}      {res}1000       1000       1000
                     {txt}{c |}          {res}                      
                     {txt}{c |} 
                mean {c |}   {res}.253941   .2471426    .244356
                     {txt}{c |}  {res}.0059101   .0058369   .0065405
                     {txt}{c |} 
               empse {c |}   {res}.186894   .1845794   .2068275
                     {txt}{c |}  {res}.0041812   .0041294   .0046271
                     {txt}{c |} 
             relprec {c |}          {res}   2.523628  -18.34663
                     {txt}{c |}          {res}    4.99531   4.235552
                     {txt}{c |} 
             modelse {c |}  {res}.1842587   .1780058   .2000978
                     {txt}{c |}  {res}.0004117   .0002979   .0003147
                     {txt}{c |} 
             ciwidth {c |}  {res}.7205022   .6967896    .783397
                     {txt}{c |}  {res}.0016027   .0011697   .0012351
                     {txt}{c |} 
            relerror {c |} {res}-1.410059  -3.561427  -3.253749
                     {txt}{c |}  {res}2.216616   2.163541   2.169735
                     {txt}{c |} 
               power {c |}        {res}30       30.3       23.9
                     {txt}{c |}  {res}1.449138   1.453241   1.348625
{txt}{hline 21}{c +}{hline 32}
.25                  {c |}
.4                   {c |}
MNAR                 {c |}
mean0                {c |}
               bsims {c |}      {res}1000       1000       1000
                     {txt}{c |}          {res}                      
                     {txt}{c |} 
              sesims {c |}      {res}1000       1000       1000
                     {txt}{c |}          {res}                      
                     {txt}{c |} 
                mean {c |}  {res}.9935267   .9984174   .9998108
                     {txt}{c |}  {res}.0045101   .0042524   .0045012
                     {txt}{c |} 
               empse {c |}  {res}.1426215   .1344713   .1423413
                     {txt}{c |}  {res}.0031907   .0030084   .0031844
                     {txt}{c |} 
             relprec {c |}          {res}   12.48923   .3940071
                     {txt}{c |}          {res}   6.118313   5.592515
                     {txt}{c |} 
             modelse {c |}  {res}.1430059   .1257121   .1414905
                     {txt}{c |}  {res}.0003851     .00021   .0002225
                     {txt}{c |} 
             ciwidth {c |}  {res}.5585811   .4920928   .5539454
                     {txt}{c |}  {res}.0014938   .0008246   .0008734
                     {txt}{c |} 
            relerror {c |}  {res}.2695387  -6.513753  -.5977263
                     {txt}{c |}  {res}2.259407   2.097287   2.229302
                     {txt}{c |} 
               power {c |}       {res}100        100        100
                     {txt}{c |}         {res}0          0          0
{txt}{hline 21}{c +}{hline 32}
.25                  {c |}
.4                   {c |}
MNAR                 {c |}
mean1                {c |}
               bsims {c |}      {res}1000       1000       1000
                     {txt}{c |}          {res}                      
                     {txt}{c |} 
              sesims {c |}      {res}1000       1000       1000
                     {txt}{c |}          {res}                      
                     {txt}{c |} 
                mean {c |}  {res}1.247468    1.24556   1.244167
                     {txt}{c |}  {res}.0046609   .0042129   .0044636
                     {txt}{c |} 
               empse {c |}  {res}.1473898   .1332222   .1411511
                     {txt}{c |}  {res}.0032974   .0029804   .0031578
                     {txt}{c |} 
             relprec {c |}          {res}   22.40011   9.035122
                     {txt}{c |}          {res}   6.657785   6.000536
                     {txt}{c |} 
             modelse {c |}  {res}.1433395   .1257121   .1414905
                     {txt}{c |}  {res}.0003901     .00021   .0002225
                     {txt}{c |} 
             ciwidth {c |}   {res}.559858   .4920928   .5539454
                     {txt}{c |}   {res}.001507   .0008246   .0008734
                     {txt}{c |} 
            relerror {c |} {res}-2.748019  -5.637216   .2404965
                     {txt}{c |}  {res}2.191748   2.116951     2.2481
                     {txt}{c |} 
               power {c |}       {res}100        100        100
                     {txt}{c |}         {res}0          0          0
{txt}{hline 21}{c +}{hline 32}
.5                   {c |}
.2                   {c |}
MCAR                 {c |}
effect               {c |}
               bsims {c |}      {res}1000       1000       1000
                     {txt}{c |}          {res}                      
                     {txt}{c |} 
              sesims {c |}      {res}1000       1000       1000
                     {txt}{c |}          {res}                      
                     {txt}{c |} 
                mean {c |}   {res}.496414   .4980945   .4959905
                     {txt}{c |}  {res}.0049575   .0048105   .0065433
                     {txt}{c |} 
               empse {c |}  {res}.1567689   .1521224   .2069165
                     {txt}{c |}  {res}.0035072   .0034033   .0046291
                     {txt}{c |} 
             relprec {c |}          {res}   6.202289  -42.59763
                     {txt}{c |}          {res}   4.026737   2.862491
                     {txt}{c |} 
             modelse {c |}  {res}.1589754   .1557034   .1997051
                     {txt}{c |}  {res}.0002998     .00027   .0003102
                     {txt}{c |} 
             ciwidth {c |}  {res}.6220698   .6094374   .7818854
                     {txt}{c |}  {res}.0011721   .0010532   .0012162
                     {txt}{c |} 
            relerror {c |}  {res}1.407441   2.354018  -3.485154
                     {txt}{c |}  {res}2.276719    2.29672   2.164417
                     {txt}{c |} 
               power {c |}      {res}88.2       90.2       69.6
                     {txt}{c |}  {res}1.020177   .9401916   1.454593
{txt}{hline 21}{c +}{hline 32}
.5                   {c |}
.2                   {c |}
MCAR                 {c |}
mean0                {c |}
               bsims {c |}      {res}1000       1000       1000
                     {txt}{c |}          {res}                      
                     {txt}{c |} 
              sesims {c |}      {res}1000       1000       1000
                     {txt}{c |}          {res}                      
                     {txt}{c |} 
                mean {c |}  {res}.9987172   .9976359   .9986879
                     {txt}{c |}  {res}.0035545   .0038132   .0043888
                     {txt}{c |} 
               empse {c |}  {res}.1124019    .120584   .1387869
                     {txt}{c |}  {res}.0025146   .0026977   .0031049
                     {txt}{c |} 
             relprec {c |}          {res}  -13.11044  -34.40808
                     {txt}{c |}          {res}    3.89834   3.265604
                     {txt}{c |} 
             modelse {c |}  {res}.1124665   .1099383   .1412129
                     {txt}{c |}   {res}.000223   .0001902   .0002194
                     {txt}{c |} 
             ciwidth {c |}  {res}.4399979   .4303114   .5528764
                     {txt}{c |}  {res}.0008722   .0007422     .00086
                     {txt}{c |} 
            relerror {c |}  {res}.0575289  -8.828434   1.747992
                     {txt}{c |}  {res}2.247252   2.045771   2.281774
                     {txt}{c |} 
               power {c |}       {res}100        100        100
                     {txt}{c |}         {res}0          0          0
{txt}{hline 21}{c +}{hline 32}
.5                   {c |}
.2                   {c |}
MCAR                 {c |}
mean1                {c |}
               bsims {c |}      {res}1000       1000       1000
                     {txt}{c |}          {res}                      
                     {txt}{c |} 
              sesims {c |}      {res}1000       1000       1000
                     {txt}{c |}          {res}                      
                     {txt}{c |} 
                mean {c |}  {res}1.495131    1.49573   1.494678
                     {txt}{c |}  {res}.0035244   .0039181    .004524
                     {txt}{c |} 
               empse {c |}  {res}.1114508   .1239011   .1430622
                     {txt}{c |}  {res}.0024934   .0027719   .0032006
                     {txt}{c |} 
             relprec {c |}          {res}  -19.08746  -39.31012
                     {txt}{c |}          {res}    3.81138   3.068431
                     {txt}{c |} 
             modelse {c |}  {res}.1123107   .1099383   .1412129
                     {txt}{c |}  {res}.0002198   .0001902   .0002194
                     {txt}{c |} 
             ciwidth {c |}  {res}.4394151   .4303114   .5528764
                     {txt}{c |}  {res}.0008574   .0007422     .00086
                     {txt}{c |} 
            relerror {c |}  {res}.7715725  -11.26929  -1.292712
                     {txt}{c |}  {res}2.263057   1.991001   2.213584
                     {txt}{c |} 
               power {c |}       {res}100        100        100
                     {txt}{c |}         {res}0          0          0
{txt}{hline 21}{c +}{hline 32}
.5                   {c |}
.2                   {c |}
MNAR                 {c |}
effect               {c |}
               bsims {c |}      {res}1000       1000       1000
                     {txt}{c |}          {res}                      
                     {txt}{c |} 
              sesims {c |}      {res}1000       1000       1000
                     {txt}{c |}          {res}                      
                     {txt}{c |} 
                mean {c |}  {res}.4937761    .499128   .4948646
                     {txt}{c |}  {res}.0049747   .0050995   .0066234
                     {txt}{c |} 
               empse {c |}  {res}.1573131   .1612593   .2094489
                     {txt}{c |}  {res}.0035194   .0036077   .0046858
                     {txt}{c |} 
             relprec {c |}          {res}  -4.834381  -43.58776
                     {txt}{c |}          {res}    3.65376   2.785994
                     {txt}{c |} 
             modelse {c |}  {res}.1586881   .1570945   .1993961
                     {txt}{c |}  {res}.0002964   .0002771   .0003162
                     {txt}{c |} 
             ciwidth {c |}  {res}.6209638   .6148421   .7806245
                     {txt}{c |}  {res}.0011603   .0010858   .0012467
                     {txt}{c |} 
            relerror {c |}  {res}.8740371  -2.582691  -4.799671
                     {txt}{c |}  {res}2.264594   2.186172   2.135153
                     {txt}{c |} 
               power {c |}      {res}87.2       88.1       69.7
                     {txt}{c |}  {res}1.056485   1.023909   1.453241
{txt}{hline 21}{c +}{hline 32}
.5                   {c |}
.2                   {c |}
MNAR                 {c |}
mean0                {c |}
               bsims {c |}      {res}1000       1000       1000
                     {txt}{c |}          {res}                      
                     {txt}{c |} 
              sesims {c |}      {res}1000       1000       1000
                     {txt}{c |}          {res}                      
                     {txt}{c |} 
                mean {c |}  {res}1.002251   .9985152   1.000647
                     {txt}{c |}  {res}.0036447   .0041133   .0046357
                     {txt}{c |} 
               empse {c |}  {res}.1152543   .1300736   .1465936
                     {txt}{c |}  {res}.0025785     .00291   .0032796
                     {txt}{c |} 
             relprec {c |}          {res}  -21.48809  -38.18638
                     {txt}{c |}          {res}   3.474391   3.002674
                     {txt}{c |} 
             modelse {c |}  {res}.1134385    .110935   .1409943
                     {txt}{c |}   {res}.000226   .0001955   .0002236
                     {txt}{c |} 
             ciwidth {c |}  {res}.4437968   .4341825   .5519848
                     {txt}{c |}  {res}.0008816   .0007661   .0008815
                     {txt}{c |} 
            relerror {c |} {res}-1.575469  -14.71369  -3.819581
                     {txt}{c |}  {res}2.210655   1.913925   2.157135
                     {txt}{c |} 
               power {c |}       {res}100        100        100
                     {txt}{c |}         {res}0          0          0
{txt}{hline 21}{c +}{hline 32}
.5                   {c |}
.2                   {c |}
MNAR                 {c |}
mean1                {c |}
               bsims {c |}      {res}1000       1000       1000
                     {txt}{c |}          {res}                      
                     {txt}{c |} 
              sesims {c |}      {res}1000       1000       1000
                     {txt}{c |}          {res}                      
                     {txt}{c |} 
                mean {c |}  {res}1.496027   1.497643   1.495512
                     {txt}{c |}  {res}.0035517   .0041173   .0046167
                     {txt}{c |} 
               empse {c |}  {res}.1123133    .130201   .1459929
                     {txt}{c |}  {res}.0025127   .0029128   .0032661
                     {txt}{c |} 
             relprec {c |}          {res}   -25.5896  -40.81672
                     {txt}{c |}          {res}   3.301878    2.87058
                     {txt}{c |} 
             modelse {c |}  {res}.1133144    .110935   .1409943
                     {txt}{c |}  {res}.0002247   .0001955   .0002236
                     {txt}{c |} 
             ciwidth {c |}  {res}.4433189   .4341825   .5519848
                     {txt}{c |}  {res}.0008769   .0007661   .0008815
                     {txt}{c |} 
            relerror {c |}  {res}.8913633  -14.79714  -3.423841
                     {txt}{c |}  {res}2.265977   1.912052    2.16601
                     {txt}{c |} 
               power {c |}       {res}100        100        100
                     {txt}{c |}         {res}0          0          0
{txt}{hline 21}{c +}{hline 32}
.5                   {c |}
.4                   {c |}
MCAR                 {c |}
effect               {c |}
               bsims {c |}      {res}1000       1000       1000
                     {txt}{c |}          {res}                      
                     {txt}{c |} 
              sesims {c |}      {res}1000       1000       1000
                     {txt}{c |}          {res}                      
                     {txt}{c |} 
                mean {c |}  {res}.4961672   .4996829   .5025005
                     {txt}{c |}  {res}.0058314   .0053224   .0061952
                     {txt}{c |} 
               empse {c |}  {res}.1844066   .1683093   .1959102
                     {txt}{c |}  {res}.0041255   .0037654   .0043829
                     {txt}{c |} 
             relprec {c |}          {res}   20.04303  -11.39891
                     {txt}{c |}          {res}   5.738354   4.584891
                     {txt}{c |} 
             modelse {c |}   {res}.183931   .1683373   .2002281
                     {txt}{c |}  {res}.0004252   .0002925   .0003172
                     {txt}{c |} 
             ciwidth {c |}  {res}.7190954   .6588723   .7838923
                     {txt}{c |}  {res}.0016554   .0011476   .0012452
                     {txt}{c |} 
            relerror {c |} {res}-.2579166   .0166356   2.204033
                     {txt}{c |}  {res}2.243296   2.244297   2.292222
                     {txt}{c |} 
               power {c |}      {res}76.7         84       71.5
                     {txt}{c |}  {res}1.336828    1.15931   1.427498
{txt}{hline 21}{c +}{hline 32}
.5                   {c |}
.4                   {c |}
MCAR                 {c |}
mean0                {c |}
               bsims {c |}      {res}1000       1000       1000
                     {txt}{c |}          {res}                      
                     {txt}{c |} 
              sesims {c |}      {res}1000       1000       1000
                     {txt}{c |}          {res}                      
                     {txt}{c |} 
                mean {c |}  {res}.9986171   .9976745   .9962657
                     {txt}{c |}  {res}.0040298   .0040163   .0043476
                     {txt}{c |} 
               empse {c |}  {res}.1274343   .1270059    .137482
                     {txt}{c |}  {res}.0028509   .0028414   .0030757
                     {txt}{c |} 
             relprec {c |}          {res}   .6758362  -14.08257
                     {txt}{c |}          {res}    5.21626    4.57631
                     {txt}{c |} 
             modelse {c |}  {res}.1301364   .1188966   .1415826
                     {txt}{c |}  {res}.0003241   .0002064   .0002243
                     {txt}{c |} 
             ciwidth {c |}  {res}.5085692   .4653625   .5542955
                     {txt}{c |}  {res}.0012597     .00081   .0008805
                     {txt}{c |} 
            relerror {c |}  {res}2.120365  -6.384953   2.982693
                     {txt}{c |}  {res}2.298739   2.100641   2.309685
                     {txt}{c |} 
               power {c |}       {res}100        100        100
                     {txt}{c |}         {res}0          0          0
{txt}{hline 21}{c +}{hline 32}
.5                   {c |}
.4                   {c |}
MCAR                 {c |}
mean1                {c |}
               bsims {c |}      {res}1000       1000       1000
                     {txt}{c |}          {res}                      
                     {txt}{c |} 
              sesims {c |}      {res}1000       1000       1000
                     {txt}{c |}          {res}                      
                     {txt}{c |} 
                mean {c |}  {res}1.494784   1.497357   1.498766
                     {txt}{c |}  {res}.0042386   .0042832   .0045389
                     {txt}{c |} 
               empse {c |}  {res}.1340377   .1354472   .1435323
                     {txt}{c |}  {res}.0029987   .0030302   .0032111
                     {txt}{c |} 
             relprec {c |}          {res}  -2.070426   -12.7924
                     {txt}{c |}          {res}   4.834758   4.441568
                     {txt}{c |} 
             modelse {c |}  {res}.1300619   .1188966   .1415826
                     {txt}{c |}  {res}.0003222   .0002064   .0002243
                     {txt}{c |} 
             ciwidth {c |}  {res}.5083001   .4653625   .5542955
                     {txt}{c |}  {res}.0012501     .00081   .0008805
                     {txt}{c |} 
            relerror {c |} {res}-2.966143  -12.21922  -1.358368
                     {txt}{c |}  {res}2.184098   1.969725   2.212324
                     {txt}{c |} 
               power {c |}       {res}100        100        100
                     {txt}{c |}         {res}0          0          0
{txt}{hline 21}{c +}{hline 32}
.5                   {c |}
.4                   {c |}
MNAR                 {c |}
effect               {c |}
               bsims {c |}      {res}1000       1000       1000
                     {txt}{c |}          {res}                      
                     {txt}{c |} 
              sesims {c |}      {res}1000       1000       1000
                     {txt}{c |}          {res}                      
                     {txt}{c |} 
                mean {c |}  {res}.4970295   .4945427   .4937326
                     {txt}{c |}  {res}.0059098   .0057716   .0064853
                     {txt}{c |} 
               empse {c |}   {res}.186884   .1825129   .2050845
                     {txt}{c |}  {res}.0041809   .0040832   .0045881
                     {txt}{c |} 
             relprec {c |}          {res}   4.847274  -16.96164
                     {txt}{c |}          {res}   5.283276   4.412323
                     {txt}{c |} 
             modelse {c |}  {res}.1846398   .1781741   .2005397
                     {txt}{c |}  {res}.0004248   .0002976   .0003082
                     {txt}{c |} 
             ciwidth {c |}  {res}.7218812   .6974498   .7851714
                     {txt}{c |}  {res}.0016553   .0011701   .0012094
                     {txt}{c |} 
            relerror {c |} {res}-1.200878  -2.377249  -2.216031
                     {txt}{c |}  {res}2.221978   2.190083   2.192766
                     {txt}{c |} 
               power {c |}      {res}76.1       77.8       69.5
                     {txt}{c |}  {res}1.348625   1.314215   1.455936
{txt}{hline 21}{c +}{hline 32}
.5                   {c |}
.4                   {c |}
MNAR                 {c |}
mean0                {c |}
               bsims {c |}      {res}1000       1000       1000
                     {txt}{c |}          {res}                      
                     {txt}{c |} 
              sesims {c |}      {res}1000       1000       1000
                     {txt}{c |}          {res}                      
                     {txt}{c |} 
                mean {c |}  {res}.9950708   .9954979   .9959029
                     {txt}{c |}  {res}.0046364   .0043276   .0045824
                     {txt}{c |} 
               empse {c |}   {res}.146616   .1368515   .1449098
                     {txt}{c |}  {res}.0032801   .0030616   .0032419
                     {txt}{c |} 
             relprec {c |}          {res}   14.77918   2.368726
                     {txt}{c |}          {res}   6.094008   5.510614
                     {txt}{c |} 
             modelse {c |}  {res}.1432406   .1258355    .141803
                     {txt}{c |}  {res}.0004015   .0002094   .0002179
                     {txt}{c |} 
             ciwidth {c |}  {res}.5593777   .4925785      .5552
                     {txt}{c |}  {res}.0015406   .0008237   .0008552
                     {txt}{c |} 
            relerror {c |} {res}-2.302162  -8.049639  -2.143926
                     {txt}{c |}  {res}2.202773   2.062787   2.194383
                     {txt}{c |} 
               power {c |}       {res}100        100        100
                     {txt}{c |}         {res}0          0          0
{txt}{hline 21}{c +}{hline 32}
.5                   {c |}
.4                   {c |}
MNAR                 {c |}
mean1                {c |}
               bsims {c |}      {res}1000       1000       1000
                     {txt}{c |}          {res}                      
                     {txt}{c |} 
              sesims {c |}      {res}1000       1000       1000
                     {txt}{c |}          {res}                      
                     {txt}{c |} 
                mean {c |}    {res}1.4921   1.490041   1.489635
                     {txt}{c |}  {res}.0044765   .0041298   .0043771
                     {txt}{c |} 
               empse {c |}  {res}.1415593   .1305953    .138416
                     {txt}{c |}  {res}.0031669   .0029217   .0030966
                     {txt}{c |} 
             relprec {c |}          {res}   17.49554   4.593358
                     {txt}{c |}          {res}   6.484474   5.899247
                     {txt}{c |} 
             modelse {c |}  {res}.1432662   .1258355    .141803
                     {txt}{c |}  {res}.0003876   .0002094   .0002179
                     {txt}{c |} 
             ciwidth {c |}  {res}.5595873   .4925785      .5552
                     {txt}{c |}  {res}.0015004   .0008237   .0008552
                     {txt}{c |} 
            relerror {c |}  {res}1.205773   -3.64473   2.446964
                     {txt}{c |}  {res}2.280658   2.161605   2.297332
                     {txt}{c |} 
               power {c |}       {res}100        100        100
                     {txt}{c |}         {res}0          0          0
{txt}{hline 21}{c BT}{hline 32}
{it: NOTE: Where there are 2 entries in the table, }
{it: the first entry is the performance measure and }
{it: the second entry is its Monte Carlo error.}

{com}. do "C:\Users\rmjlem1\AppData\Local\Temp\STD14b0_000000.tmp"
{txt}
{com}. 
. * DGM numeric, 1 var
. *********************
. use data/simlongESTPM_longE_wideM1.dta, clear
{txt}
{com}. 
{txt}end of do-file

{com}. do "C:\Users\rmjlem1\AppData\Local\Temp\STD14b0_000000.tmp"
{txt}
{com}. siman setup, rep(rep) dgm(dgm) est(est) se(se) target(estimand) method(_1 _2) true(true)

{txt}{col 20}SUMMARY OF DATA
_____________________________________________________

The siman format is:{res}{col 35}format 3: long-wide
{txt}The format for targets is:{res}{col 35}long
{txt}The format for methods is:{res}{col 35}wide
{txt}The number of targets is:{res}{col 35}2
{txt}The target values are:{res}{col 35}beta gamma

{txt}The number of methods is:{res}{col 35}2
{txt}The method values are:{res}{col 35}_1 _2

Data generating mechanism (dgm)
{txt}The total number of dgms is: {res}{col 35}2
{txt}The dgm variables (# levels): {res}{col 35}dgm (2) 

Estimates are contained in the dataset

{txt}The estimates stub is:{res}{col 35}est
{txt}The se stub is:{res}{col 35}se
{txt}The df stub is:{res}{col 35}N/A
{txt}The ci stubs are:{res}{col 35}N/A
{txt}The p stub is:{res}{col 35}N/A
{txt}The true variable is:{res}{col 35}true
{txt}_____________________________________________________

{com}. 
{txt}end of do-file

{com}. siman analyse
{txt}siman analyse has run successfully

{hline 21}{c TT}{hline 21}
dgm, estimand and    {c |}        method       
performance measure  {c |}        _1         _2
{hline 21}{c +}{hline 21}
1                    {c |}
beta                 {c |}
               bsims {c |}      {res}1000       1000
                     {txt}{c |}          {res}           
                     {txt}{c |} 
              sesims {c |}      {res}1000       1000
                     {txt}{c |}          {res}           
                     {txt}{c |} 
                bias {c |} {res}-.0043991  -.0025973
                     {txt}{c |}  {res}.0024993   .0035644
                     {txt}{c |} 
                mean {c |} {res}-.0043991  -.0025973
                     {txt}{c |}  {res}.0024993   .0035644
                     {txt}{c |} 
               empse {c |}  {res}.0790336   .1127159
                     {txt}{c |}  {res}.0017681   .0025217
                     {txt}{c |} 
             relprec {c |}          {res}   -50.8353
                     {txt}{c |}          {res}    2.28676
                     {txt}{c |} 
                 mse {c |}  {res}.0062594   .0126989
                     {txt}{c |}  {res}.0002881   .0006187
                     {txt}{c |} 
                rmse {c |}  {res}.0791165   .1126895
                     {txt}{c |}  {res}.0018209   .0027454
                     {txt}{c |} 
             modelse {c |}  {res}.0787452   .1136343
                     {txt}{c |}  {res}.0001572   .0003405
                     {txt}{c |} 
             ciwidth {c |}  {res}.3080681   .4434751
                     {txt}{c |}  {res}.0006123   .0013217
                     {txt}{c |} 
            relerror {c |} {res}-.3649609   .8147949
                     {txt}{c |}  {res}2.237882   2.275551
                     {txt}{c |} 
               cover {c |}      {res}94.7       95.7
                     {txt}{c |}  {res}.7084563   .6414907
                     {txt}{c |} 
               power {c |}       {res}5.3        4.3
                     {txt}{c |}  {res}.7084561   .6414905
{txt}{hline 21}{c +}{hline 21}
1                    {c |}
gamma                {c |}
               bsims {c |}      {res}1000       1000
                     {txt}{c |}          {res}           
                     {txt}{c |} 
              sesims {c |}      {res}1000       1000
                     {txt}{c |}          {res}           
                     {txt}{c |} 
                bias {c |}  {res}.0005151   .0056354
                     {txt}{c |}  {res}.0025476   .0035789
                     {txt}{c |} 
                mean {c |}  {res}.0005151   .0056354
                     {txt}{c |}  {res}.0025476   .0035789
                     {txt}{c |} 
               empse {c |}  {res}.0805615   .1131762
                     {txt}{c |}  {res}.0018023    .002532
                     {txt}{c |} 
             relprec {c |}          {res}  -49.33068
                     {txt}{c |}          {res}   2.314097
                     {txt}{c |} 
                 mse {c |}  {res}.0064839   .0128278
                     {txt}{c |}  {res}.0002847   .0005329
                     {txt}{c |} 
                rmse {c |}  {res}.0805229   .1132599
                     {txt}{c |}  {res}.0017676   .0023524
                     {txt}{c |} 
             modelse {c |}  {res}.0788425   .1140264
                     {txt}{c |}  {res}.0001466   .0003426
                     {txt}{c |} 
             ciwidth {c |}  {res}.3085282   .4450112
                     {txt}{c |}  {res}.0005716   .0013243
                     {txt}{c |} 
            relerror {c |} {res}-2.133844   .7512448
                     {txt}{c |}  {res}2.196998   2.274225
                     {txt}{c |} 
               cover {c |}      {res}94.5       96.4
                     {txt}{c |}  {res}.7209369   .5891009
                     {txt}{c |} 
               power {c |}       {res}5.5        3.6
                     {txt}{c |}  {res}.7209369    .589101
{txt}{hline 21}{c +}{hline 21}
2                    {c |}
beta                 {c |}
               bsims {c |}      {res}1000       1000
                     {txt}{c |}          {res}           
                     {txt}{c |} 
              sesims {c |}      {res}1000       1000
                     {txt}{c |}          {res}           
                     {txt}{c |} 
                bias {c |} {res}-.0046965  -.0058509
                     {txt}{c |}  {res}.0028908   .0039932
                     {txt}{c |} 
                mean {c |} {res}-.0046965  -.0058509
                     {txt}{c |}  {res}.0028908   .0039932
                     {txt}{c |} 
               empse {c |}  {res}.0914144   .1262755
                     {txt}{c |}  {res}.0020451    .002825
                     {txt}{c |} 
             relprec {c |}          {res}  -47.59274
                     {txt}{c |}          {res}   2.430245
                     {txt}{c |} 
                 mse {c |}  {res}.0083703   .0159638
                     {txt}{c |}  {res}.0003797   .0007445
                     {txt}{c |} 
                rmse {c |}  {res}.0914893   .1263479
                     {txt}{c |}  {res}.0020748   .0029462
                     {txt}{c |} 
             modelse {c |}  {res}.0910296   .1313619
                     {txt}{c |}  {res}.0001752   .0003826
                     {txt}{c |} 
             ciwidth {c |}   {res}.356176   .5127883
                     {txt}{c |}   {res}.000683   .0014841
                     {txt}{c |} 
            relerror {c |}  {res}-.420924   4.028049
                     {txt}{c |}  {res}2.236001   2.346937
                     {txt}{c |} 
               cover {c |}        {res}95       95.6
                     {txt}{c |}  {res}.6892024   .6485677
                     {txt}{c |} 
               power {c |}         {res}5        4.4
                     {txt}{c |}  {res}.6892024   .6485677
{txt}{hline 21}{c +}{hline 21}
2                    {c |}
gamma                {c |}
               bsims {c |}      {res}1000       1000
                     {txt}{c |}          {res}           
                     {txt}{c |} 
              sesims {c |}      {res}1000       1000
                     {txt}{c |}          {res}           
                     {txt}{c |} 
                bias {c |}  {res}.0005948   .0065072
                     {txt}{c |}  {res}.0029417   .0041326
                     {txt}{c |} 
                mean {c |}  {res}.0005948   .0065072
                     {txt}{c |}  {res}.0029417   .0041326
                     {txt}{c |} 
               empse {c |}  {res}.0930244   .1306846
                     {txt}{c |}  {res}.0020811   .0029237
                     {txt}{c |} 
             relprec {c |}          {res}  -49.33068
                     {txt}{c |}          {res}   2.314097
                     {txt}{c |} 
                 mse {c |}  {res}.0086452   .0171037
                     {txt}{c |}  {res}.0003795   .0007105
                     {txt}{c |} 
                rmse {c |}  {res}.0929798   .1307813
                     {txt}{c |}   {res}.002041   .0027163
                     {txt}{c |} 
             modelse {c |}  {res}.0910394   .1316664
                     {txt}{c |}  {res}.0001693   .0003955
                     {txt}{c |} 
             ciwidth {c |}  {res}.3562577   .5138547
                     {txt}{c |}  {res}.0006601   .0015292
                     {txt}{c |} 
            relerror {c |} {res}-2.133846    .751246
                     {txt}{c |}  {res}2.196998   2.274225
                     {txt}{c |} 
               cover {c |}      {res}94.5       96.4
                     {txt}{c |}  {res}.7209369   .5891009
                     {txt}{c |} 
               power {c |}       {res}5.5        3.6
                     {txt}{c |}  {res}.7209369    .589101
{txt}{hline 21}{c BT}{hline 21}
{it: NOTE: Where there are 2 entries in the table, }
{it: the first entry is the performance measure and }
{it: the second entry is its Monte Carlo error.}

{com}. exit, clear
